Component: Arm Compiler for Embedded 6.19 Tool: armlink [5e73cb00]

==============================================================================

Section Cross References

    main.o(.text.main) refers to main.o(.text.GPIO_Init) for GPIO_Init
    main.o(.text.main) refers to queue.o(.text.xQueueGenericCreate) for xQueueGenericCreate
    main.o(.text.main) refers to main.o(.bss.xGateQueue) for xGateQueue
    main.o(.text.main) refers to main.o(.bss.xOpenLimitSem) for xOpenLimitSem
    main.o(.text.main) refers to main.o(.bss.xClosedLimitSem) for xClosedLimitSem
    main.o(.text.main) refers to queue.o(.text.xQueueCreateMutex) for xQueueCreateMutex
    main.o(.text.main) refers to main.o(.bss.xGateStateMutex) for xGateStateMutex
    main.o(.text.main) refers to main.o(.text.SetGateState) for SetGateState
    main.o(.text.main) refers to main.o(.text.StopGate) for StopGate
    main.o(.text.main) refers to main.o(.bss.g_securityMotionActive) for g_securityMotionActive
    main.o(.text.main) refers to main.o(.text.vInputTask) for vInputTask
    main.o(.text.main) refers to main.o(.rodata.str1.1) for .L.str
    main.o(.text.main) refers to tasks.o(.text.xTaskCreate) for xTaskCreate
    main.o(.text.main) refers to main.o(.text.vGateControlTask) for vGateControlTask
    main.o(.text.main) refers to main.o(.text.vLEDTask) for vLEDTask
    main.o(.text.main) refers to main.o(.text.vSafetyTask) for vSafetyTask
    main.o(.text.main) refers to tasks.o(.text.vTaskStartScheduler) for vTaskStartScheduler
    main.o(.ARM.exidx.text.main) refers to main.o(.text.main) for [Anonymous Symbol]
    main.o(.ARM.exidx.text.GPIO_Init) refers to main.o(.text.GPIO_Init) for [Anonymous Symbol]
    main.o(.text.SetGateState) refers to main.o(.bss.xGateStateMutex) for xGateStateMutex
    main.o(.text.SetGateState) refers to queue.o(.text.xQueueSemaphoreTake) for xQueueSemaphoreTake
    main.o(.text.SetGateState) refers to main.o(.data.g_gateState) for g_gateState
    main.o(.text.SetGateState) refers to queue.o(.text.xQueueGenericSend) for xQueueGenericSend
    main.o(.ARM.exidx.text.SetGateState) refers to main.o(.text.SetGateState) for [Anonymous Symbol]
    main.o(.text.StopGate) refers to main.o(.bss.g_motion) for g_motion
    main.o(.text.StopGate) refers to main.o(.bss.g_autoClosing) for g_autoClosing
    main.o(.ARM.exidx.text.StopGate) refers to main.o(.text.StopGate) for [Anonymous Symbol]
    main.o(.text.vInputTask) refers to main.o(.text.ReadButtons) for ReadButtons
    main.o(.text.vInputTask) refers to tasks.o(.text.xTaskGetTickCount) for xTaskGetTickCount
    main.o(.text.vInputTask) refers to main.o(.bss.xOpenLimitSem) for xOpenLimitSem
    main.o(.text.vInputTask) refers to queue.o(.text.xQueueGenericSend) for xQueueGenericSend
    main.o(.text.vInputTask) refers to main.o(.bss.xGateQueue) for xGateQueue
    main.o(.text.vInputTask) refers to main.o(.bss.xClosedLimitSem) for xClosedLimitSem
    main.o(.text.vInputTask) refers to tasks.o(.text.vTaskDelay) for vTaskDelay
    main.o(.text.vInputTask) refers to main.o(.bss.g_securityMotionActive) for g_securityMotionActive
    main.o(.ARM.exidx.text.vInputTask) refers to main.o(.text.vInputTask) for [Anonymous Symbol]
    main.o(.text.vGateControlTask) refers to main.o(.bss.xGateQueue) for xGateQueue
    main.o(.text.vGateControlTask) refers to queue.o(.text.xQueueReceive) for xQueueReceive
    main.o(.text.vGateControlTask) refers to main.o(.text.GetGateState) for GetGateState
    main.o(.text.vGateControlTask) refers to main.o(.text.StopGate) for StopGate
    main.o(.text.vGateControlTask) refers to main.o(.text.SetGateState) for SetGateState
    main.o(.text.vGateControlTask) refers to main.o(.bss.g_securityMotionActive) for g_securityMotionActive
    main.o(.text.vGateControlTask) refers to main.o(.text.OpenGate) for OpenGate
    main.o(.text.vGateControlTask) refers to main.o(.text.CloseGate) for CloseGate
    main.o(.text.vGateControlTask) refers to main.o(.bss.g_motion) for g_motion
    main.o(.text.vGateControlTask) refers to main.o(.bss.g_lastMotionBeforeObstacle) for g_lastMotionBeforeObstacle
    main.o(.text.vGateControlTask) refers to tasks.o(.text.vTaskDelay) for vTaskDelay
    main.o(.ARM.exidx.text.vGateControlTask) refers to main.o(.text.vGateControlTask) for [Anonymous Symbol]
    main.o(.text.vLEDTask) refers to main.o(.bss.g_motion) for g_motion
    main.o(.text.vLEDTask) refers to main.o(.text.LED_Set) for LED_Set
    main.o(.text.vLEDTask) refers to tasks.o(.text.vTaskDelay) for vTaskDelay
    main.o(.ARM.exidx.text.vLEDTask) refers to main.o(.text.vLEDTask) for [Anonymous Symbol]
    main.o(.text.vSafetyTask) refers to main.o(.text.ReadObstacle) for ReadObstacle
    main.o(.text.vSafetyTask) refers to main.o(.text.GetGateState) for GetGateState
    main.o(.text.vSafetyTask) refers to main.o(.bss.xGateQueue) for xGateQueue
    main.o(.text.vSafetyTask) refers to queue.o(.text.xQueueGenericSend) for xQueueGenericSend
[...]
    ReadObstacle                             0x000009c5   Thumb Code    16  main.o(.text.ReadObstacle)
    [Anonymous Symbol]                       0x000009c4   Section        0  main.o(.text.ReadObstacle)
    ReadOpenLimit                            0x000009d5   Thumb Code    16  main.o(.text.ReadOpenLimit)
    [Anonymous Symbol]                       0x000009d4   Section        0  main.o(.text.ReadOpenLimit)
    ReadSecurityClose                        0x000009e5   Thumb Code    16  main.o(.text.ReadSecurityClose)
    [Anonymous Symbol]                       0x000009e4   Section        0  main.o(.text.ReadSecurityClose)
    ReadSecurityOpen                         0x000009f5   Thumb Code    16  main.o(.text.ReadSecurityOpen)
    [Anonymous Symbol]                       0x000009f4   Section        0  main.o(.text.ReadSecurityOpen)
    [Anonymous Symbol]                       0x00000a04   Section        0  port.o(.text.SVC_Handler)
    SetGateState                             0x00000a25   Thumb Code    72  main.o(.text.SetGateState)
    [Anonymous Symbol]                       0x00000a24   Section        0  main.o(.text.SetGateState)
    StopGate                                 0x00000a6d   Thumb Code    24  main.o(.text.StopGate)
    [Anonymous Symbol]                       0x00000a6c   Section        0  main.o(.text.StopGate)
    [Anonymous Symbol]                       0x00000a84   Section        0  cmsis_os2.o(.text.SysTick_Handler)
    [Anonymous Symbol]                       0x00000aa4   Section        0  system_tm4c123.o(.text.SystemInit)
    __tagsym$$used.1                         0x00000bb0   Number         0  clib_os.o(.text._mutex_acquire)
    [Anonymous Symbol]                       0x00000bb0   Section        0  clib_os.o(.text._mutex_acquire)
    __tagsym$$used.3                         0x00000bd8   Number         0  clib_os.o(.text._mutex_free)
    [Anonymous Symbol]                       0x00000bd8   Section        0  clib_os.o(.text._mutex_free)
    __tagsym$$used.0                         0x00000c2c   Number         0  clib_os.o(.text._mutex_initialize)
    [Anonymous Symbol]                       0x00000c2c   Section        0  clib_os.o(.text._mutex_initialize)
    __tagsym$$used.2                         0x00000cd4   Number         0  clib_os.o(.text._mutex_release)
    [Anonymous Symbol]                       0x00000cd4   Section        0  clib_os.o(.text._mutex_release)
    [Anonymous Symbol]                       0x00000d00   Section        0  clib_os.o(.text._platform_post_stackheap_init)
    is_thread_mode                           0x00000d05   Thumb Code    32  clib_os.o(.text.is_thread_mode)
    [Anonymous Symbol]                       0x00000d04   Section        0  clib_os.o(.text.is_thread_mode)
    [Anonymous Symbol]                       0x00000d24   Section        0  main.o(.text.main)
    os_kernel_is_active                      0x00000e69   Thumb Code    32  clib_os.o(.text.os_kernel_is_active)
    [Anonymous Symbol]                       0x00000e68   Section        0  clib_os.o(.text.os_kernel_is_active)
    prvAddCurrentTaskToDelayedList           0x00000e89   Thumb Code   270  tasks.o(.text.prvAddCurrentTaskToDelayedList)
    [Anonymous Symbol]                       0x00000e88   Section        0  tasks.o(.text.prvAddCurrentTaskToDelayedList)
    prvAddNewTaskToReadyList                 0x00000f99   Thumb Code   368  tasks.o(.text.prvAddNewTaskToReadyList)
    [Anonymous Symbol]                       0x00000f98   Section        0  tasks.o(.text.prvAddNewTaskToReadyList)
    prvCheckForValidListAndQueue             0x00001109   Thumb Code   126  timers.o(.text.prvCheckForValidListAndQueue)
    [Anonymous Symbol]                       0x00001108   Section        0  timers.o(.text.prvCheckForValidListAndQueue)
    prvCheckTasksWaitingTermination          0x00001189   Thumb Code    90  tasks.o(.text.prvCheckTasksWaitingTermination)
    [Anonymous Symbol]                       0x00001188   Section        0  tasks.o(.text.prvCheckTasksWaitingTermination)
    prvCopyDataFromQueue                     0x000011e5   Thumb Code    66  queue.o(.text.prvCopyDataFromQueue)
    [Anonymous Symbol]                       0x000011e4   Section        0  queue.o(.text.prvCopyDataFromQueue)
    prvCopyDataToQueue                       0x00001229   Thumb Code   204  queue.o(.text.prvCopyDataToQueue)
    [Anonymous Symbol]                       0x00001228   Section        0  queue.o(.text.prvCopyDataToQueue)
    prvCreateIdleTasks                       0x000012f5   Thumb Code   216  tasks.o(.text.prvCreateIdleTasks)
    [Anonymous Symbol]                       0x000012f4   Section        0  tasks.o(.text.prvCreateIdleTasks)
    prvCreateStaticTask                      0x000013cd   Thumb Code   170  tasks.o(.text.prvCreateStaticTask)
    [Anonymous Symbol]                       0x000013cc   Section        0  tasks.o(.text.prvCreateStaticTask)
    prvCreateTask                            0x00001479   Thumb Code   142  tasks.o(.text.prvCreateTask)
    [Anonymous Symbol]                       0x00001478   Section        0  tasks.o(.text.prvCreateTask)
    prvDeleteTCB                             0x00001509   Thumb Code    80  tasks.o(.text.prvDeleteTCB)
    [Anonymous Symbol]                       0x00001508   Section        0  tasks.o(.text.prvDeleteTCB)
    prvGetHighestPriorityOfWaitToReceiveList 0x00001559   Thumb Code    38  queue.o(.text.prvGetHighestPriorityOfWaitToReceiveList)
    [Anonymous Symbol]                       0x00001558   Section        0  queue.o(.text.prvGetHighestPriorityOfWaitToReceiveList)
    prvGetNextExpireTime                     0x00001581   Thumb Code    64  timers.o(.text.prvGetNextExpireTime)
    [Anonymous Symbol]                       0x00001580   Section        0  timers.o(.text.prvGetNextExpireTime)
    prvHeapInit                              0x000015c1   Thumb Code   170  heap_4.o(.text.prvHeapInit)
    [Anonymous Symbol]                       0x000015c0   Section        0  heap_4.o(.text.prvHeapInit)
    prvIdleTask                              0x0000166d   Thumb Code    56  tasks.o(.text.prvIdleTask)
    [Anonymous Symbol]                       0x0000166c   Section        0  tasks.o(.text.prvIdleTask)
    prvInitialiseMutex                       0x000016a5   Thumb Code    44  queue.o(.text.prvInitialiseMutex)
    [Anonymous Symbol]                       0x000016a4   Section        0  queue.o(.text.prvInitialiseMutex)
    prvInitialiseNewQueue                    0x000016d1   Thumb Code    72  queue.o(.text.prvInitialiseNewQueue)
    [Anonymous Symbol]                       0x000016d0   Section        0  queue.o(.text.prvInitialiseNewQueue)
    prvInitialiseNewTask                     0x00001719   Thumb Code   264  tasks.o(.text.prvInitialiseNewTask)
    [Anonymous Symbol]                       0x00001718   Section        0  tasks.o(.text.prvInitialiseNewTask)
    prvInitialiseTaskLists                   0x00001821   Thumb Code   142  tasks.o(.text.prvInitialiseTaskLists)
    [Anonymous Symbol]                       0x00001820   Section        0  tasks.o(.text.prvInitialiseTaskLists)
    prvInsertBlockIntoFreeList               0x000018b1   Thumb Code   280  heap_4.o(.text.prvInsertBlockIntoFreeList)
    [Anonymous Symbol]                       0x000018b0   Section        0  heap_4.o(.text.prvInsertBlockIntoFreeList)
    prvInsertTimerInActiveList               0x000019c9   Thumb Code   134  timers.o(.text.prvInsertTimerInActiveList)
    [Anonymous Symbol]                       0x000019c8   Section        0  timers.o(.text.prvInsertTimerInActiveList)
    prvIsQueueEmpty                          0x00001a51   Thumb Code    40  queue.o(.text.prvIsQueueEmpty)
    [Anonymous Symbol]                       0x00001a50   Section        0  queue.o(.text.prvIsQueueEmpty)
    prvIsQueueFull                           0x00001a79   Thumb Code    46  queue.o(.text.prvIsQueueFull)
    [Anonymous Symbol]                       0x00001a78   Section        0  queue.o(.text.prvIsQueueFull)
    prvPortStartFirstTask                    0x00001aa9   Thumb Code    40  port.o(.text.prvPortStartFirstTask)
    [Anonymous Symbol]                       0x00001aa8   Section        0  port.o(.text.prvPortStartFirstTask)
    prvProcessExpiredTimer                   0x00001ad1   Thumb Code    84  timers.o(.text.prvProcessExpiredTimer)
    [Anonymous Symbol]                       0x00001ad0   Section        0  timers.o(.text.prvProcessExpiredTimer)
    prvProcessReceivedCommands               0x00001b25   Thumb Code   378  timers.o(.text.prvProcessReceivedCommands)
    [Anonymous Symbol]                       0x00001b24   Section        0  timers.o(.text.prvProcessReceivedCommands)
    prvProcessTimerOrBlockTask               0x00001ca1   Thumb Code   154  timers.o(.text.prvProcessTimerOrBlockTask)
    [Anonymous Symbol]                       0x00001ca0   Section        0  timers.o(.text.prvProcessTimerOrBlockTask)
    prvReloadTimer                           0x00001d3d   Thumb Code    52  timers.o(.text.prvReloadTimer)
    [Anonymous Symbol]                       0x00001d3c   Section        0  timers.o(.text.prvReloadTimer)
    prvResetNextTaskUnblockTime              0x00001d71   Thumb Code    60  tasks.o(.text.prvResetNextTaskUnblockTime)
    [Anonymous Symbol]                       0x00001d70   Section        0  tasks.o(.text.prvResetNextTaskUnblockTime)
    prvSampleTimeNow                         0x00001dad   Thumb Code    68  timers.o(.text.prvSampleTimeNow)
    [Anonymous Symbol]                       0x00001dac   Section        0  timers.o(.text.prvSampleTimeNow)
    prvSwitchTimerLists                      0x00001df1   Thumb Code    82  timers.o(.text.prvSwitchTimerLists)
    [Anonymous Symbol]                       0x00001df0   Section        0  timers.o(.text.prvSwitchTimerLists)
    prvTaskExitError                         0x00001e45   Thumb Code    62  port.o(.text.prvTaskExitError)
    [Anonymous Symbol]                       0x00001e44   Section        0  port.o(.text.prvTaskExitError)
    prvTimerTask                             0x00001e85   Thumb Code    30  timers.o(.text.prvTimerTask)
    [Anonymous Symbol]                       0x00001e84   Section        0  timers.o(.text.prvTimerTask)
    prvUnlockQueue                           0x00001ea5   Thumb Code   174  queue.o(.text.prvUnlockQueue)
    [Anonymous Symbol]                       0x00001ea4   Section        0  queue.o(.text.prvUnlockQueue)
    [Anonymous Symbol]                       0x00001f54   Section        0  heap_4.o(.text.pvPortMalloc)
    [Anonymous Symbol]                       0x0000220c   Section        0  tasks.o(.text.pvTaskIncrementMutexHeldCount)
    [Anonymous Symbol]                       0x00002230   Section        0  port.o(.text.pxPortInitialiseStack)
    [Anonymous Symbol]                       0x00002290   Section        0  list.o(.text.uxListRemove)
    [Anonymous Symbol]                       0x000022d8   Section        0  tasks.o(.text.vApplicationGetIdleTaskMemory)
    [Anonymous Symbol]                       0x00002304   Section        0  tasks.o(.text.vApplicationGetTimerTaskMemory)
    [Anonymous Symbol]                       0x00002330   Section        0  cmsis_os2.o(.text.vApplicationStackOverflowHook)
    vGateControlTask                         0x00002341   Thumb Code   520  main.o(.text.vGateControlTask)
    [Anonymous Symbol]                       0x00002340   Section        0  main.o(.text.vGateControlTask)
    vInputTask                               0x00002549   Thumb Code  1566  main.o(.text.vInputTask)
    [Anonymous Symbol]                       0x00002548   Section        0  main.o(.text.vInputTask)
    vLEDTask                                 0x00002b69   Thumb Code    76  main.o(.text.vLEDTask)
    [Anonymous Symbol]                       0x00002b68   Section        0  main.o(.text.vLEDTask)
    [Anonymous Symbol]                       0x00002bb4   Section        0  list.o(.text.vListInitialise)
    [Anonymous Symbol]                       0x00002be4   Section        0  list.o(.text.vListInitialiseItem)
    [Anonymous Symbol]                       0x00002bf4   Section        0  list.o(.text.vListInsert)
    vPortEnableVFP                           0x00002c61   Thumb Code    20  port.o(.text.vPortEnableVFP)
    [Anonymous Symbol]                       0x00002c60   Section        0  port.o(.text.vPortEnableVFP)
    [Anonymous Symbol]                       0x00002c74   Section        0  port.o(.text.vPortEnterCritical)
    [Anonymous Symbol]                       0x00002cbc   Section        0  port.o(.text.vPortExitCritical)
    [Anonymous Symbol]                       0x00002cf8   Section        0  heap_4.o(.text.vPortFree)
    [Anonymous Symbol]                       0x00002dd8   Section        0  port.o(.text.vPortSetupTimerInterrupt)
    [Anonymous Symbol]                       0x00002e1c   Section        0  queue.o(.text.vQueueDelete)
    [Anonymous Symbol]                       0x00002e4c   Section        0  queue.o(.text.vQueueWaitForMessageRestricted)
    vSafetyTask                              0x00002eb1   Thumb Code   236  main.o(.text.vSafetyTask)
    [Anonymous Symbol]                       0x00002eb0   Section        0  main.o(.text.vSafetyTask)
    [Anonymous Symbol]                       0x00002f9c   Section        0  tasks.o(.text.vTaskDelay)
    [Anonymous Symbol]                       0x00003000   Section        0  tasks.o(.text.vTaskInternalSetTimeOutState)
    [Anonymous Symbol]                       0x00003024   Section        0  tasks.o(.text.vTaskMissedYield)
    [Anonymous Symbol]                       0x00003034   Section        0  tasks.o(.text.vTaskPlaceOnEventList)
    [Anonymous Symbol]                       0x00003068   Section        0  tasks.o(.text.vTaskPlaceOnEventListRestricted)
    [Anonymous Symbol]                       0x000030dc   Section        0  tasks.o(.text.vTaskPriorityDisinheritAfterTimeout)
    [Anonymous Symbol]                       0x00003244   Section        0  tasks.o(.text.vTaskStartScheduler)
    [Anonymous Symbol]                       0x000032c8   Section        0  tasks.o(.text.vTaskSuspendAll)
    __tagsym$$used.0                         0x000032d8   Number         0  tasks.o(.text.vTaskSwitchContext)
    [Anonymous Symbol]                       0x000032d8   Section        0  tasks.o(.text.vTaskSwitchContext)
    [Anonymous Symbol]                       0x00003410   Section        0  port.o(.text.xPortStartScheduler)
    [Anonymous Symbol]                       0x000035bc   Section        0  port.o(.text.xPortSysTickHandler)
    [Anonymous Symbol]                       0x000035fc   Section        0  queue.o(.text.xQueueCreateMutex)
    [Anonymous Symbol]                       0x00003624   Section        0  queue.o(.text.xQueueCreateMutexStatic)
    [Anonymous Symbol]                       0x00003658   Section        0  queue.o(.text.xQueueGenericCreate)
    [Anonymous Symbol]                       0x000036ec   Section        0  queue.o(.text.xQueueGenericCreateStatic)
    [Anonymous Symbol]                       0x0000378c   Section        0  queue.o(.text.xQueueGenericReset)
    [Anonymous Symbol]                       0x00003878   Section        0  queue.o(.text.xQueueGenericSend)
    [Anonymous Symbol]                       0x00003a6c   Section        0  queue.o(.text.xQueueReceive)
    [Anonymous Symbol]                       0x00003c20   Section        0  queue.o(.text.xQueueSemaphoreTake)
    [Anonymous Symbol]                       0x00003e08   Section        0  tasks.o(.text.xTaskCheckForTimeOut)
    [Anonymous Symbol]                       0x00003ee8   Section        0  tasks.o(.text.xTaskCreate)
    [Anonymous Symbol]                       0x00003f3c   Section        0  tasks.o(.text.xTaskCreateStatic)
    [Anonymous Symbol]                       0x00003f98   Section        0  tasks.o(.text.xTaskGetSchedulerState)
    [Anonymous Symbol]                       0x00003fd0   Section        0  tasks.o(.text.xTaskGetTickCount)
    [Anonymous Symbol]                       0x00003fe4   Section        0  tasks.o(.text.xTaskIncrementTick)
    [Anonymous Symbol]                       0x0000425c   Section        0  tasks.o(.text.xTaskPriorityDisinherit)
    [Anonymous Symbol]                       0x0000437c   Section        0  tasks.o(.text.xTaskPriorityInherit)
    [Anonymous Symbol]                       0x000044d8   Section        0  tasks.o(.text.xTaskRemoveFromEventList)
    [Anonymous Symbol]                       0x0000467c   Section        0  tasks.o(.text.xTaskResumeAll)
    [Anonymous Symbol]                       0x000048c4   Section        0  timers.o(.text.xTimerCreateTimerTask)
    $v0                                      0x0000494a   Number         0  fpinit.o(x$fpl$fpinit)
    x$fpl$fpinit                             0x0000494a   Section       26  fpinit.o(x$fpl$fpinit)
    .L.str.2                                 0x00004964   Data           4  main.o(.rodata.str1.1)
    [Anonymous Symbol]                       0x00004964   Section        0  main.o(.rodata.str1.1)
    .L.str.1                                 0x00004968   Data           5  main.o(.rodata.str1.1)
    .L.str                                   0x0000496d   Data           6  main.o(.rodata.str1.1)
    .L.str.3                                 0x00004973   Data           7  main.o(.rodata.str1.1)
    .L.str                                   0x0000497a   Data           5  tasks.o(.rodata.str1.1)
    [Anonymous Symbol]                       0x0000497a   Section        0  tasks.o(.rodata.str1.1)
    .L.str                                   0x0000497f   Data           8  timers.o(.rodata.str1.1)
    [Anonymous Symbol]                       0x0000497f   Section        0  timers.o(.rodata.str1.1)
    uxTopUsedPriority                        0x00004988   Data           4  tasks.o(.rodata.uxTopUsedPriority)
    [Anonymous Symbol]                       0x00004988   Section        0  tasks.o(.rodata.uxTopUsedPriority)
    g_gateState                              0x20000004   Data           1  main.o(.data.g_gateState)
    [Anonymous Symbol]                       0x20000004   Section        0  main.o(.data.g_gateState)
    uxCriticalNesting                        0x20000008   Data           4  port.o(.data.uxCriticalNesting)
    [Anonymous Symbol]                       0x20000008   Section        0  port.o(.data.uxCriticalNesting)
    .bss                                     0x20000010   Section       96  libspace.o(.bss)
    clib_mutex_cb                            0x20000070   Data         400  clib_os.o(.bss.clib_mutex_cb)
    [Anonymous Symbol]                       0x20000070   Section        0  clib_os.o(.bss.clib_mutex_cb)
    clib_mutex_id                            0x20000200   Data          20  clib_os.o(.bss.clib_mutex_id)
    [Anonymous Symbol]                       0x20000200   Section        0  clib_os.o(.bss.clib_mutex_id)
    g_autoClosing                            0x20000214   Data           1  main.o(.bss.g_autoClosing)
    [Anonymous Symbol]                       0x20000214   Section        0  main.o(.bss.g_autoClosing)
    g_lastMotionBeforeObstacle               0x20000215   Data           1  main.o(.bss.g_lastMotionBeforeObstacle)
    [Anonymous Symbol]                       0x20000215   Section        0  main.o(.bss.g_lastMotionBeforeObstacle)
    g_motion                                 0x20000216   Data           1  main.o(.bss.g_motion)
    [Anonymous Symbol]                       0x20000216   Section        0  main.o(.bss.g_motion)
    g_securityMotionActive                   0x20000217   Data           1  main.o(.bss.g_securityMotionActive)
    [Anonymous Symbol]                       0x20000217   Section        0  main.o(.bss.g_securityMotionActive)
    prvCheckForValidListAndQueue.ucStaticTimerQueueStorage 0x20000218   Data          80  timers.o(.bss.prvCheckForValidListAndQueue.ucStaticTimerQueueStorage)
    [Anonymous Symbol]                       0x20000218   Section        0  timers.o(.bss.prvCheckForValidListAndQueue.ucStaticTimerQueueStorage)
    prvCheckForValidListAndQueue.xStaticTimerQueue 0x20000268   Data          80  timers.o(.bss.prvCheckForValidListAndQueue.xStaticTimerQueue)
    [Anonymous Symbol]                       0x20000268   Section        0  timers.o(.bss.prvCheckForValidListAndQueue.xStaticTimerQueue)
    prvSampleTimeNow.xLastTime               0x200002b8   Data           4  timers.o(.bss.prvSampleTimeNow.xLastTime)
    [Anonymous Symbol]                       0x200002b8   Section        0  timers.o(.bss.prvSampleTimeNow.xLastTime)
    __tagsym$$used.1                         0x200002bc   Number         0  tasks.o(.bss.pxCurrentTCB)
    pxCurrentTimerList                       0x200002c0   Data           4  timers.o(.bss.pxCurrentTimerList)
    [Anonymous Symbol]                       0x200002c0   Section        0  timers.o(.bss.pxCurrentTimerList)
    pxDelayedTaskList                        0x200002c4   Data           4  tasks.o(.bss.pxDelayedTaskList)
    [Anonymous Symbol]                       0x200002c4   Section        0  tasks.o(.bss.pxDelayedTaskList)
    pxEnd                                    0x200002c8   Data           4  heap_4.o(.bss.pxEnd)
    [Anonymous Symbol]                       0x200002c8   Section        0  heap_4.o(.bss.pxEnd)
    pxOverflowDelayedTaskList                0x200002cc   Data           4  tasks.o(.bss.pxOverflowDelayedTaskList)
    [Anonymous Symbol]                       0x200002cc   Section        0  tasks.o(.bss.pxOverflowDelayedTaskList)
    pxOverflowTimerList                      0x200002d0   Data           4  timers.o(.bss.pxOverflowTimerList)
    [Anonymous Symbol]                       0x200002d0   Section        0  timers.o(.bss.pxOverflowTimerList)
    pxReadyTasksLists                        0x200002d4   Data        1120  tasks.o(.bss.pxReadyTasksLists)
    [Anonymous Symbol]                       0x200002d4   Section        0  tasks.o(.bss.pxReadyTasksLists)
    ucHeap                                   0x20000734   Data        8192  heap_4.o(.bss.ucHeap)
    [Anonymous Symbol]                       0x20000734   Section        0  heap_4.o(.bss.ucHeap)
    ucMaxSysCallPriority                     0x20002734   Data           1  port.o(.bss.ucMaxSysCallPriority)
    [Anonymous Symbol]                       0x20002734   Section        0  port.o(.bss.ucMaxSysCallPriority)
    ulMaxPRIGROUPValue                       0x20002738   Data           4  port.o(.bss.ulMaxPRIGROUPValue)
    [Anonymous Symbol]                       0x20002738   Section        0  port.o(.bss.ulMaxPRIGROUPValue)
    uxCurrentNumberOfTasks                   0x2000273c   Data           4  tasks.o(.bss.uxCurrentNumberOfTasks)
    [Anonymous Symbol]                       0x2000273c   Section        0  tasks.o(.bss.uxCurrentNumberOfTasks)
    uxDeletedTasksWaitingCleanUp             0x20002740   Data           4  tasks.o(.bss.uxDeletedTasksWaitingCleanUp)
    [Anonymous Symbol]                       0x20002740   Section        0  tasks.o(.bss.uxDeletedTasksWaitingCleanUp)
    uxSchedulerSuspended                     0x20002744   Data           4  tasks.o(.bss.uxSchedulerSuspended)
    [Anonymous Symbol]                       0x20002744   Section        0  tasks.o(.bss.uxSchedulerSuspended)
    uxTaskNumber                             0x20002748   Data           4  tasks.o(.bss.uxTaskNumber)
    [Anonymous Symbol]                       0x20002748   Section        0  tasks.o(.bss.uxTaskNumber)
    uxTopReadyPriority                       0x2000274c   Data           4  tasks.o(.bss.uxTopReadyPriority)
    [Anonymous Symbol]                       0x2000274c   Section        0  tasks.o(.bss.uxTopReadyPriority)
    vApplicationGetIdleTaskMemory.uxIdleTaskStack 0x20002750   Data         512  tasks.o(.bss.vApplicationGetIdleTaskMemory.uxIdleTaskStack)
    [Anonymous Symbol]                       0x20002750   Section        0  tasks.o(.bss.vApplicationGetIdleTaskMemory.uxIdleTaskStack)
    vApplicationGetIdleTaskMemory.xIdleTaskTCB 0x20002950   Data          92  tasks.o(.bss.vApplicationGetIdleTaskMemory.xIdleTaskTCB)
    [Anonymous Symbol]                       0x20002950   Section        0  tasks.o(.bss.vApplicationGetIdleTaskMemory.xIdleTaskTCB)
    vApplicationGetTimerTaskMemory.uxTimerTaskStack 0x200029ac   Data         512  tasks.o(.bss.vApplicationGetTimerTaskMemory.uxTimerTaskStack)
    [Anonymous Symbol]                       0x200029ac   Section        0  tasks.o(.bss.vApplicationGetTimerTaskMemory.uxTimerTaskStack)
    vApplicationGetTimerTaskMemory.xTimerTaskTCB 0x20002bac   Data          92  tasks.o(.bss.vApplicationGetTimerTaskMemory.xTimerTaskTCB)
    [Anonymous Symbol]                       0x20002bac   Section        0  tasks.o(.bss.vApplicationGetTimerTaskMemory.xTimerTaskTCB)
    xActiveTimerList1                        0x20002c08   Data          20  timers.o(.bss.xActiveTimerList1)
    [Anonymous Symbol]                       0x20002c08   Section        0  timers.o(.bss.xActiveTimerList1)
    xActiveTimerList2                        0x20002c1c   Data          20  timers.o(.bss.xActiveTimerList2)
    [Anonymous Symbol]                       0x20002c1c   Section        0  timers.o(.bss.xActiveTimerList2)
    xClosedLimitSem                          0x20002c30   Data           4  main.o(.bss.xClosedLimitSem)
    [Anonymous Symbol]                       0x20002c30   Section        0  main.o(.bss.xClosedLimitSem)
    xDelayedTaskList1                        0x20002c34   Data          20  tasks.o(.bss.xDelayedTaskList1)
    [Anonymous Symbol]                       0x20002c34   Section        0  tasks.o(.bss.xDelayedTaskList1)
    xDelayedTaskList2                        0x20002c48   Data          20  tasks.o(.bss.xDelayedTaskList2)
    [Anonymous Symbol]                       0x20002c48   Section        0  tasks.o(.bss.xDelayedTaskList2)
    xFreeBytesRemaining                      0x20002c5c   Data           4  heap_4.o(.bss.xFreeBytesRemaining)
    [Anonymous Symbol]                       0x20002c5c   Section        0  heap_4.o(.bss.xFreeBytesRemaining)
    xGateQueue                               0x20002c60   Data           4  main.o(.bss.xGateQueue)
    [Anonymous Symbol]                       0x20002c60   Section        0  main.o(.bss.xGateQueue)
    xGateStateMutex                          0x20002c64   Data           4  main.o(.bss.xGateStateMutex)
    [Anonymous Symbol]                       0x20002c64   Section        0  main.o(.bss.xGateStateMutex)
    xIdleTaskHandles                         0x20002c68   Data           4  tasks.o(.bss.xIdleTaskHandles)
    [Anonymous Symbol]                       0x20002c68   Section        0  tasks.o(.bss.xIdleTaskHandles)
    xMinimumEverFreeBytesRemaining           0x20002c6c   Data           4  heap_4.o(.bss.xMinimumEverFreeBytesRemaining)
    [Anonymous Symbol]                       0x20002c6c   Section        0  heap_4.o(.bss.xMinimumEverFreeBytesRemaining)
    xNextTaskUnblockTime                     0x20002c70   Data           4  tasks.o(.bss.xNextTaskUnblockTime)
    [Anonymous Symbol]                       0x20002c70   Section        0  tasks.o(.bss.xNextTaskUnblockTime)
    xNumOfOverflows                          0x20002c74   Data           4  tasks.o(.bss.xNumOfOverflows)
    [Anonymous Symbol]                       0x20002c74   Section        0  tasks.o(.bss.xNumOfOverflows)
    xNumberOfSuccessfulAllocations           0x20002c78   Data           4  heap_4.o(.bss.xNumberOfSuccessfulAllocations)
    [Anonymous Symbol]                       0x20002c78   Section        0  heap_4.o(.bss.xNumberOfSuccessfulAllocations)
    xNumberOfSuccessfulFrees                 0x20002c7c   Data           4  heap_4.o(.bss.xNumberOfSuccessfulFrees)
    [Anonymous Symbol]                       0x20002c7c   Section        0  heap_4.o(.bss.xNumberOfSuccessfulFrees)
    xOpenLimitSem                            0x20002c80   Data           4  main.o(.bss.xOpenLimitSem)
    [Anonymous Symbol]                       0x20002c80   Section        0  main.o(.bss.xOpenLimitSem)
    xPendedTicks                             0x20002c84   Data           4  tasks.o(.bss.xPendedTicks)
    [Anonymous Symbol]                       0x20002c84   Section        0  tasks.o(.bss.xPendedTicks)
    xPendingReadyList                        0x20002c88   Data          20  tasks.o(.bss.xPendingReadyList)
    [Anonymous Symbol]                       0x20002c88   Section        0  tasks.o(.bss.xPendingReadyList)
    xSchedulerRunning                        0x20002c9c   Data           4  tasks.o(.bss.xSchedulerRunning)
    [Anonymous Symbol]                       0x20002c9c   Section        0  tasks.o(.bss.xSchedulerRunning)
    xStart                                   0x20002ca0   Data           8  heap_4.o(.bss.xStart)
    [Anonymous Symbol]                       0x20002ca0   Section        0  heap_4.o(.bss.xStart)
    xSuspendedTaskList                       0x20002ca8   Data          20  tasks.o(.bss.xSuspendedTaskList)
    [Anonymous Symbol]                       0x20002ca8   Section        0  tasks.o(.bss.xSuspendedTaskList)
    xTasksWaitingTermination                 0x20002cbc   Data          20  tasks.o(.bss.xTasksWaitingTermination)
    [Anonymous Symbol]                       0x20002cbc   Section        0  tasks.o(.bss.xTasksWaitingTermination)
    xTickCount                               0x20002cd0   Data           4  tasks.o(.bss.xTickCount)
    [Anonymous Symbol]                       0x20002cd0   Section        0  tasks.o(.bss.xTickCount)
    xTimerQueue                              0x20002cd4   Data           4  timers.o(.bss.xTimerQueue)
    [Anonymous Symbol]                       0x20002cd4   Section        0  timers.o(.bss.xTimerQueue)
    xTimerTaskHandle                         0x20002cd8   Data           4  timers.o(.bss.xTimerTaskHandle)
    [Anonymous Symbol]                       0x20002cd8   Section        0  timers.o(.bss.xTimerTaskHandle)
    xYieldPendings                           0x20002cdc   Data           4  tasks.o(.bss.xYieldPendings)
    [Anonymous Symbol]                       0x20002cdc   Section        0  tasks.o(.bss.xYieldPendings)
    Heap_Mem                                 0x20002ce0   Data           0  startup_tm4c123.o(HEAP)
    Stack_Mem                                0x20002ce0   Data         512  startup_tm4c123.o(STACK)
    HEAP                                     0x20002ce0   Section        0  startup_tm4c123.o(HEAP)
    STACK                                    0x20002ce0   Section      512  startup_tm4c123.o(STACK)
    __initial_sp                             0x20002ee0   Data           0  startup_tm4c123.o(STACK)

    Global Symbols

    Symbol Name                              Value     Ov Type        Size  Object(Section)

    BuildAttributes$$THM_ISAv4$E$P$D$K$B$S$7EM$VFPi3$EXTD16$VFPS$VFMA$PE$A:L22UL41UL21$X:L11$S22US41US21$IEEE1$IW$~IW$USESV6$~STKCKD$USESV7$~SHL$OSPACE$ROPI$EBA8$UX$STANDARDLIB$REQ8$PRES8$EABIv2 0x00000000   Number         0  anon$$obj.o ABSOLUTE
    __Vectors                                0x00000000   Data           4  startup_tm4c123.o(RESET)
    __ARM_exceptions_init                     - Undefined Weak Reference
    __alloca_initialize                       - Undefined Weak Reference
    __arm_preinit_                            - Undefined Weak Reference
    __arm_relocate_pie_                       - Undefined Weak Reference
    __cpp_initialize__aeabi_                  - Undefined Weak Reference
    __cxa_finalize                            - Undefined Weak Reference
    __rt_locale                               - Undefined Weak Reference
    __sigvec_lookup                           - Undefined Weak Reference
    _atexit_init                              - Undefined Weak Reference
    _call_atexit_fns                          - Undefined Weak Reference
    _clock_init                               - Undefined Weak Reference
    _fp_trap_init                             - Undefined Weak Reference
    _fp_trap_shutdown                         - Undefined Weak Reference
    _get_lc_collate                           - Undefined Weak Reference
    _get_lc_ctype                             - Undefined Weak Reference
    _get_lc_monetary                          - Undefined Weak Reference
    _get_lc_numeric                           - Undefined Weak Reference
    _get_lc_time                              - Undefined Weak Reference
    _getenv_init                              - Undefined Weak Reference
    _handle_redirection                       - Undefined Weak Reference
    _init_alloc                               - Undefined Weak Reference
    _init_user_alloc                          - Undefined Weak Reference
    _initio                                   - Undefined Weak Reference
    _rand_init                                - Undefined Weak Reference
    _signal_finish                            - Undefined Weak Reference
    _signal_init                              - Undefined Weak Reference
    _terminate_alloc                          - Undefined Weak Reference
    _terminate_user_alloc                     - Undefined Weak Reference
    _terminateio                              - Undefined Weak Reference
    __Vectors_End                            0x0000026c   Data           0  startup_tm4c123.o(RESET)
    __Vectors_Size                           0x0000026c   Number         0  startup_tm4c123.o ABSOLUTE
    __main                                   0x0000026d   Thumb Code     8  __main.o(!!!main)
    __scatterload                            0x00000275   Thumb Code     0  __scatter.o(!!!scatter)
    __scatterload_rt2                        0x00000275   Thumb Code    44  __scatter.o(!!!scatter)
    __scatterload_rt2_thumb_only             0x00000275   Thumb Code     0  __scatter.o(!!!scatter)
    __scatterload_null                       0x00000283   Thumb Code     0  __scatter.o(!!!scatter)
    __scatterload_copy                       0x000002a9   Thumb Code    26  __scatter_copy.o(!!handler_copy)
    __scatterload_zeroinit                   0x000002c5   Thumb Code    28  __scatter_zi.o(!!handler_zi)
    __rt_lib_init                            0x000002e1   Thumb Code     0  libinit.o(.ARM.Collect$$libinit$$00000000)
    __rt_lib_init_fp_1                       0x000002e3   Thumb Code     0  libinit2.o(.ARM.Collect$$libinit$$00000001)
    __rt_lib_init_alloca_1                   0x000002e7   Thumb Code     0  libinit2.o(.ARM.Collect$$libinit$$00000030)
    __rt_lib_init_argv_1                     0x000002e7   Thumb Code     0  libinit2.o(.ARM.Collect$$libinit$$0000002E)
    __rt_lib_init_atexit_1                   0x000002e7   Thumb Code     0  libinit2.o(.ARM.Collect$$libinit$$0000001D)
    __rt_lib_init_clock_1                    0x000002e7   Thumb Code     0  libinit2.o(.ARM.Collect$$libinit$$00000023)
    __rt_lib_init_cpp_1                      0x000002e7   Thumb Code     0  libinit2.o(.ARM.Collect$$libinit$$00000034)
    __rt_lib_init_exceptions_1               0x000002e7   Thumb Code     0  libinit2.o(.ARM.Collect$$libinit$$00000032)
    __rt_lib_init_fp_trap_1                  0x000002e7   Thumb Code     0  libinit2.o(.ARM.Collect$$libinit$$00000021)
    __rt_lib_init_getenv_1                   0x000002e7   Thumb Code     0  libinit2.o(.ARM.Collect$$libinit$$00000025)
    __rt_lib_init_heap_1                     0x000002e7   Thumb Code     0  libinit2.o(.ARM.Collect$$libinit$$0000000C)
    __rt_lib_init_lc_collate_1               0x000002e7   Thumb Code     0  libinit2.o(.ARM.Collect$$libinit$$00000013)
    __rt_lib_init_lc_ctype_1                 0x000002e7   Thumb Code     0  libinit2.o(.ARM.Collect$$libinit$$00000015)
    __rt_lib_init_lc_monetary_1              0x000002e7   Thumb Code     0  libinit2.o(.ARM.Collect$$libinit$$00000017)
    __rt_lib_init_lc_numeric_1               0x000002e7   Thumb Code     0  libinit2.o(.ARM.Collect$$libinit$$00000019)
    __rt_lib_init_lc_time_1                  0x000002e7   Thumb Code     0  libinit2.o(.ARM.Collect$$libinit$$0000001B)
    __rt_lib_init_preinit_1                  0x000002e7   Thumb Code     0  libinit2.o(.ARM.Collect$$libinit$$00000006)
    __rt_lib_init_rand_1                     0x000002e7   Thumb Code     0  libinit2.o(.ARM.Collect$$libinit$$00000010)
    __rt_lib_init_relocate_pie_1             0x000002e7   Thumb Code     0  libinit2.o(.ARM.Collect$$libinit$$00000004)
    __rt_lib_init_return                     0x000002e7   Thumb Code     0  libinit2.o(.ARM.Collect$$libinit$$00000035)
    __rt_lib_init_signal_1                   0x000002e7   Thumb Code     0  libinit2.o(.ARM.Collect$$libinit$$0000001F)
    __rt_lib_init_stdio_1                    0x000002e7   Thumb Code     0  libinit2.o(.ARM.Collect$$libinit$$00000027)
    __rt_lib_init_user_alloc_1               0x000002e7   Thumb Code     0  libinit2.o(.ARM.Collect$$libinit$$0000000E)
    __rt_lib_shutdown                        0x000002e9   Thumb Code     0  libshutdown.o(.ARM.Collect$$libshutdown$$00000000)
    __rt_lib_shutdown_cpp_1                  0x000002eb   Thumb Code     0  libshutdown2.o(.ARM.Collect$$libshutdown$$00000002)
    __rt_lib_shutdown_fp_trap_1              0x000002eb   Thumb Code     0  libshutdown2.o(.ARM.Collect$$libshutdown$$00000007)
    __rt_lib_shutdown_heap_1                 0x000002eb   Thumb Code     0  libshutdown2.o(.ARM.Collect$$libshutdown$$0000000F)
    __rt_lib_shutdown_return                 0x000002eb   Thumb Code     0  libshutdown2.o(.ARM.Collect$$libshutdown$$00000010)
    __rt_lib_shutdown_signal_1               0x000002eb   Thumb Code     0  libshutdown2.o(.ARM.Collect$$libshutdown$$0000000A)
    __rt_lib_shutdown_stdio_1                0x000002eb   Thumb Code     0  libshutdown2.o(.ARM.Collect$$libshutdown$$00000004)
    __rt_lib_shutdown_user_alloc_1           0x000002eb   Thumb Code     0  libshutdown2.o(.ARM.Collect$$libshutdown$$0000000C)
    __rt_entry                               0x000002ed   Thumb Code     0  __rtentry.o(.ARM.Collect$$rtentry$$00000000)
    __rt_entry_presh_1                       0x000002ed   Thumb Code     0  __rtentry2.o(.ARM.Collect$$rtentry$$00000002)
    __rt_entry_sh                            0x000002ed   Thumb Code     0  __rtentry4.o(.ARM.Collect$$rtentry$$00000004)
    __rt_entry_postsh_1                      0x000002f3   Thumb Code     0  __rtentry2.o(.ARM.Collect$$rtentry$$00000008)
    __rt_entry_li                            0x000002fb   Thumb Code     0  __rtentry2.o(.ARM.Collect$$rtentry$$0000000A)
    __rt_entry_main                          0x000002ff   Thumb Code     0  __rtentry2.o(.ARM.Collect$$rtentry$$0000000D)
    __rt_entry_postli_1                      0x000002ff   Thumb Code     0  __rtentry2.o(.ARM.Collect$$rtentry$$0000000C)
    __rt_exit                                0x00000307   Thumb Code     0  rtexit.o(.ARM.Collect$$rtexit$$00000000)
    __rt_exit_ls                             0x00000309   Thumb Code     0  rtexit2.o(.ARM.Collect$$rtexit$$00000003)
    __rt_exit_prels_1                        0x00000309   Thumb Code     0  rtexit2.o(.ARM.Collect$$rtexit$$00000002)
    __rt_exit_exit                           0x0000030d   Thumb Code     0  rtexit2.o(.ARM.Collect$$rtexit$$00000004)
    Reset_Handler                            0x00000315   Thumb Code     8  startup_tm4c123.o(.text)
    NMI_Handler                              0x0000031d   Thumb Code     2  startup_tm4c123.o(.text)
    HardFault_Handler                        0x0000031f   Thumb Code     2  startup_tm4c123.o(.text)
    MemManage_Handler                        0x00000321   Thumb Code     2  startup_tm4c123.o(.text)
    BusFault_Handler                         0x00000323   Thumb Code     2  startup_tm4c123.o(.text)
    UsageFault_Handler                       0x00000325   Thumb Code     2  startup_tm4c123.o(.text)
    DebugMon_Handler                         0x00000329   Thumb Code     2  startup_tm4c123.o(.text)
    GPIOA_Handler                            0x0000032f   Thumb Code     2  startup_tm4c123.o(.text)
    GPIOB_Handler                            0x00000331   Thumb Code     2  startup_tm4c123.o(.text)
    GPIOC_Handler                            0x00000333   Thumb Code     2  startup_tm4c123.o(.text)
    GPIOD_Handler                            0x00000335   Thumb Code     2  startup_tm4c123.o(.text)
    GPIOE_Handler                            0x00000337   Thumb Code     2  startup_tm4c123.o(.text)
    UART0_Handler                            0x00000339   Thumb Code     2  startup_tm4c123.o(.text)
    UART1_Handler                            0x0000033b   Thumb Code     2  startup_tm4c123.o(.text)
    SSI0_Handler                             0x0000033d   Thumb Code     2  startup_tm4c123.o(.text)
    I2C0_Handler                             0x0000033f   Thumb Code     2  startup_tm4c123.o(.text)
    PMW0_FAULT_Handler                       0x00000341   Thumb Code     2  startup_tm4c123.o(.text)
    PWM0_0_Handler                           0x00000343   Thumb Code     2  startup_tm4c123.o(.text)
    PWM0_1_Handler                           0x00000345   Thumb Code     2  startup_tm4c123.o(.text)
    PWM0_2_Handler                           0x00000347   Thumb Code     2  startup_tm4c123.o(.text)
    QEI0_Handler                             0x00000349   Thumb Code     2  startup_tm4c123.o(.text)
    ADC0SS0_Handler                          0x0000034b   Thumb Code     2  startup_tm4c123.o(.text)
    ADC0SS1_Handler                          0x0000034d   Thumb Code     2  startup_tm4c123.o(.text)
    ADC0SS2_Handler                          0x0000034f   Thumb Code     2  startup_tm4c123.o(.text)
    ADC0SS3_Handler                          0x00000351   Thumb Code     2  startup_tm4c123.o(.text)
    WDT0_Handler                             0x00000353   Thumb Code     2  startup_tm4c123.o(.text)
    TIMER0A_Handler                          0x00000355   Thumb Code     2  startup_tm4c123.o(.text)
    TIMER0B_Handler                          0x00000357   Thumb Code     2  startup_tm4c123.o(.text)
    TIMER1A_Handler                          0x00000359   Thumb Code     2  startup_tm4c123.o(.text)
    TIMER1B_Handler                          0x0000035b   Thumb Code     2  startup_tm4c123.o(.text)
    TIMER2A_Handler                          0x0000035d   Thumb Code     2  startup_tm4c123.o(.text)
    TIMER2B_Handler                          0x0000035f   Thumb Code     2  startup_tm4c123.o(.text)
    COMP0_Handler                            0x00000361   Thumb Code     2  startup_tm4c123.o(.text)
    COMP1_Handler                            0x00000363   Thumb Code     2  startup_tm4c123.o(.text)
    COMP2_Handler                            0x00000365   Thumb Code     2  startup_tm4c123.o(.text)
    SYSCTL_Handler                           0x00000367   Thumb Code     2  startup_tm4c123.o(.text)
    FLASH_Handler                            0x00000369   Thumb Code     2  startup_tm4c123.o(.text)
    GPIOF_Handler                            0x0000036b   Thumb Code     2  startup_tm4c123.o(.text)
    GPIOG_Handler                            0x0000036d   Thumb Code     2  startup_tm4c123.o(.text)
    GPIOH_Handler                            0x0000036f   Thumb Code     2  startup_tm4c123.o(.text)
    UART2_Handler                            0x00000371   Thumb Code     2  startup_tm4c123.o(.text)
    SSI1_Handler                             0x00000373   Thumb Code     2  startup_tm4c123.o(.text)
    TIMER3A_Handler                          0x00000375   Thumb Code     2  startup_tm4c123.o(.text)
    TIMER3B_Handler                          0x00000377   Thumb Code     2  startup_tm4c123.o(.text)
    I2C1_Handler                             0x00000379   Thumb Code     2  startup_tm4c123.o(.text)
    QEI1_Handler                             0x0000037b   Thumb Code     2  startup_tm4c123.o(.text)
    CAN0_Handler                             0x0000037d   Thumb Code     2  startup_tm4c123.o(.text)
    CAN1_Handler                             0x0000037f   Thumb Code     2  startup_tm4c123.o(.text)
    CAN2_Handler                             0x00000381   Thumb Code     2  startup_tm4c123.o(.text)
    HIB_Handler                              0x00000383   Thumb Code     2  startup_tm4c123.o(.text)
    USB0_Handler                             0x00000385   Thumb Code     2  startup_tm4c123.o(.text)
    PWM0_3_Handler                           0x00000387   Thumb Code     2  startup_tm4c123.o(.text)
    UDMA_Handler                             0x00000389   Thumb Code     2  startup_tm4c123.o(.text)
    UDMAERR_Handler                          0x0000038b   Thumb Code     2  startup_tm4c123.o(.text)
    ADC1SS0_Handler                          0x0000038d   Thumb Code     2  startup_tm4c123.o(.text)
    ADC1SS1_Handler                          0x0000038f   Thumb Code     2  startup_tm4c123.o(.text)
    ADC1SS2_Handler                          0x00000391   Thumb Code     2  startup_tm4c123.o(.text)
    ADC1SS3_Handler                          0x00000393   Thumb Code     2  startup_tm4c123.o(.text)
    GPIOJ_Handler                            0x00000395   Thumb Code     2  startup_tm4c123.o(.text)
    GPIOK_Handler                            0x00000397   Thumb Code     2  startup_tm4c123.o(.text)
    GPIOL_Handler                            0x00000399   Thumb Code     2  startup_tm4c123.o(.text)
    SSI2_Handler                             0x0000039b   Thumb Code     2  startup_tm4c123.o(.text)
    SSI3_Handler                             0x0000039d   Thumb Code     2  startup_tm4c123.o(.text)
    UART3_Handler                            0x0000039f   Thumb Code     2  startup_tm4c123.o(.text)
    UART4_Handler                            0x000003a1   Thumb Code     2  startup_tm4c123.o(.text)
    UART5_Handler                            0x000003a3   Thumb Code     2  startup_tm4c123.o(.text)
    UART6_Handler                            0x000003a5   Thumb Code     2  startup_tm4c123.o(.text)
    UART7_Handler                            0x000003a7   Thumb Code     2  startup_tm4c123.o(.text)
    I2C2_Handler                             0x000003a9   Thumb Code     2  startup_tm4c123.o(.text)
    I2C3_Handler                             0x000003ab   Thumb Code     2  startup_tm4c123.o(.text)
    TIMER4A_Handler                          0x000003ad   Thumb Code     2  startup_tm4c123.o(.text)
    TIMER4B_Handler                          0x000003af   Thumb Code     2  startup_tm4c123.o(.text)
    TIMER5A_Handler                          0x000003b1   Thumb Code     2  startup_tm4c123.o(.text)
    TIMER5B_Handler                          0x000003b3   Thumb Code     2  startup_tm4c123.o(.text)
    WTIMER0A_Handler                         0x000003b5   Thumb Code     2  startup_tm4c123.o(.text)
    WTIMER0B_Handler                         0x000003b7   Thumb Code     2  startup_tm4c123.o(.text)
    WTIMER1A_Handler                         0x000003b9   Thumb Code     2  startup_tm4c123.o(.text)
    WTIMER1B_Handler                         0x000003bb   Thumb Code     2  startup_tm4c123.o(.text)
    WTIMER2A_Handler                         0x000003bd   Thumb Code     2  startup_tm4c123.o(.text)
    WTIMER2B_Handler                         0x000003bf   Thumb Code     2  startup_tm4c123.o(.text)
    WTIMER3A_Handler                         0x000003c1   Thumb Code     2  startup_tm4c123.o(.text)
    WTIMER3B_Handler                         0x000003c3   Thumb Code     2  startup_tm4c123.o(.text)
    WTIMER4A_Handler                         0x000003c5   Thumb Code     2  startup_tm4c123.o(.text)
    WTIMER4B_Handler                         0x000003c7   Thumb Code     2  startup_tm4c123.o(.text)
    WTIMER5A_Handler                         0x000003c9   Thumb Code     2  startup_tm4c123.o(.text)
    WTIMER5B_Handler                         0x000003cb   Thumb Code     2  startup_tm4c123.o(.text)
    FPU_Handler                              0x000003cd   Thumb Code     2  startup_tm4c123.o(.text)
    I2C4_Handler                             0x000003cf   Thumb Code     2  startup_tm4c123.o(.text)
    I2C5_Handler                             0x000003d1   Thumb Code     2  startup_tm4c123.o(.text)
    GPIOM_Handler                            0x000003d3   Thumb Code     2  startup_tm4c123.o(.text)
    GPION_Handler                            0x000003d5   Thumb Code     2  startup_tm4c123.o(.text)
    QEI2_Handler                             0x000003d7   Thumb Code     2  startup_tm4c123.o(.text)
    GPIOP0_Handler                           0x000003d9   Thumb Code     2  startup_tm4c123.o(.text)
    GPIOP1_Handler                           0x000003db   Thumb Code     2  startup_tm4c123.o(.text)
    GPIOP2_Handler                           0x000003dd   Thumb Code     2  startup_tm4c123.o(.text)
    GPIOP3_Handler                           0x000003df   Thumb Code     2  startup_tm4c123.o(.text)
    GPIOP4_Handler                           0x000003e1   Thumb Code     2  startup_tm4c123.o(.text)
    GPIOP5_Handler                           0x000003e3   Thumb Code     2  startup_tm4c123.o(.text)
    GPIOP6_Handler                           0x000003e5   Thumb Code     2  startup_tm4c123.o(.text)
    GPIOP7_Handler                           0x000003e7   Thumb Code     2  startup_tm4c123.o(.text)
    GPIOQ0_Handler                           0x000003e9   Thumb Code     2  startup_tm4c123.o(.text)
    GPIOQ1_Handler                           0x000003eb   Thumb Code     2  startup_tm4c123.o(.text)
    GPIOQ2_Handler                           0x000003ed   Thumb Code     2  startup_tm4c123.o(.text)
    GPIOQ3_Handler                           0x000003ef   Thumb Code     2  startup_tm4c123.o(.text)
    GPIOQ4_Handler                           0x000003f1   Thumb Code     2  startup_tm4c123.o(.text)
    GPIOQ5_Handler                           0x000003f3   Thumb Code     2  startup_tm4c123.o(.text)
    GPIOQ6_Handler                           0x000003f5   Thumb Code     2  startup_tm4c123.o(.text)
    GPIOQ7_Handler                           0x000003f7   Thumb Code     2  startup_tm4c123.o(.text)
    GPIOR_Handler                            0x000003f9   Thumb Code     2  startup_tm4c123.o(.text)
    GPIOS_Handler                            0x000003fb   Thumb Code     2  startup_tm4c123.o(.text)
    PMW1_0_Handler                           0x000003fd   Thumb Code     2  startup_tm4c123.o(.text)
    PWM1_1_Handler                           0x000003ff   Thumb Code     2  startup_tm4c123.o(.text)
    PWM1_2_Handler                           0x00000401   Thumb Code     2  startup_tm4c123.o(.text)
    PWM1_3_Handler                           0x00000403   Thumb Code     2  startup_tm4c123.o(.text)
    PWM1_FAULT_Handler                       0x00000405   Thumb Code     2  startup_tm4c123.o(.text)
    __user_initial_stackheap                 0x00000409   Thumb Code     0  startup_tm4c123.o(.text)
    __aeabi_memcpy                           0x00000429   Thumb Code     0  rt_memcpy_v6.o(.text)
    __rt_memcpy                              0x00000429   Thumb Code   138  rt_memcpy_v6.o(.text)
    _memcpy_lastbytes                        0x0000048f   Thumb Code     0  rt_memcpy_v6.o(.text)
    __aeabi_memset4                          0x000004b3   Thumb Code    16  aeabi_memset4.o(.text)
    __aeabi_memset8                          0x000004b3   Thumb Code     0  aeabi_memset4.o(.text)
    __aeabi_memclr                           0x000004c3   Thumb Code     0  rt_memclr.o(.text)
    __rt_memclr                              0x000004c3   Thumb Code     0  rt_memclr.o(.text)
    _memset                                  0x000004c7   Thumb Code    64  rt_memclr.o(.text)
    __use_two_region_memory                  0x00000507   Thumb Code     2  heapauxi.o(.text)
    __rt_heap_escrow$2region                 0x00000509   Thumb Code     2  heapauxi.o(.text)
    __rt_heap_expand$2region                 0x0000050b   Thumb Code     2  heapauxi.o(.text)
    __aeabi_memcpy4                          0x0000050d   Thumb Code     0  rt_memcpy_w.o(.text)
    __aeabi_memcpy8                          0x0000050d   Thumb Code     0  rt_memcpy_w.o(.text)
    __rt_memcpy_w                            0x0000050d   Thumb Code   100  rt_memcpy_w.o(.text)
    _memcpy_lastbytes_aligned                0x00000555   Thumb Code     0  rt_memcpy_w.o(.text)
    __aeabi_memclr4                          0x00000571   Thumb Code     0  rt_memclr_w.o(.text)
    __aeabi_memclr8                          0x00000571   Thumb Code     0  rt_memclr_w.o(.text)
    __rt_memclr_w                            0x00000571   Thumb Code     0  rt_memclr_w.o(.text)
    _memset_w                                0x00000575   Thumb Code    74  rt_memclr_w.o(.text)
    __user_setup_stackheap                   0x000005bf   Thumb Code    74  sys_stackheap_outer.o(.text)
    exit                                     0x00000609   Thumb Code    18  exit.o(.text)
    __user_libspace                          0x0000061d   Thumb Code     8  libspace.o(.text)
    __user_perproc_libspace                  0x0000061d   Thumb Code     0  libspace.o(.text)
    _sys_exit                                0x00000625   Thumb Code     8  sys_exit.o(.text)
    __I$use$semihosting                      0x00000631   Thumb Code     0  use_no_semi.o(.text)
    __use_no_semihosting_swi                 0x00000631   Thumb Code     2  use_no_semi.o(.text)
    __semihosting_library_function           0x00000633   Thumb Code     0  indicate_semi.o(.text)
    _fp_init                                 0x00000635   Thumb Code    22  clib_os.o(.text.$Sub$$_fp_init)
    PendSV_Handler                           0x000008e9   Thumb Code    96  port.o(.text.PendSV_Handler)
    SVC_Handler                              0x00000a05   Thumb Code    32  port.o(.text.SVC_Handler)
    SysTick_Handler                          0x00000a85   Thumb Code    30  cmsis_os2.o(.text.SysTick_Handler)
    SystemInit                               0x00000aa5   Thumb Code   268  system_tm4c123.o(.text.SystemInit)
    _mutex_acquire                           0x00000bb1   Thumb Code    40  clib_os.o(.text._mutex_acquire)
    _mutex_free                              0x00000bd9   Thumb Code    84  clib_os.o(.text._mutex_free)
    _mutex_initialize                        0x00000c2d   Thumb Code   168  clib_os.o(.text._mutex_initialize)
    _mutex_release                           0x00000cd5   Thumb Code    42  clib_os.o(.text._mutex_release)
    _platform_post_stackheap_init            0x00000d01   Thumb Code     2  clib_os.o(.text._platform_post_stackheap_init)
    main                                     0x00000d25   Thumb Code   322  main.o(.text.main)
    pvPortMalloc                             0x00001f55   Thumb Code   696  heap_4.o(.text.pvPortMalloc)
    pvTaskIncrementMutexHeldCount            0x0000220d   Thumb Code    36  tasks.o(.text.pvTaskIncrementMutexHeldCount)
    pxPortInitialiseStack                    0x00002231   Thumb Code    94  port.o(.text.pxPortInitialiseStack)
    uxListRemove                             0x00002291   Thumb Code    72  list.o(.text.uxListRemove)
    vApplicationGetIdleTaskMemory            0x000022d9   Thumb Code    42  tasks.o(.text.vApplicationGetIdleTaskMemory)
    vApplicationGetTimerTaskMemory           0x00002305   Thumb Code    42  tasks.o(.text.vApplicationGetTimerTaskMemory)
    vApplicationStackOverflowHook            0x00002331   Thumb Code    16  cmsis_os2.o(.text.vApplicationStackOverflowHook)
    vListInitialise                          0x00002bb5   Thumb Code    46  list.o(.text.vListInitialise)
    vListInitialiseItem                      0x00002be5   Thumb Code    14  list.o(.text.vListInitialiseItem)
    vListInsert                              0x00002bf5   Thumb Code   106  list.o(.text.vListInsert)
    vPortEnterCritical                       0x00002c75   Thumb Code    72  port.o(.text.vPortEnterCritical)
    vPortExitCritical                        0x00002cbd   Thumb Code    60  port.o(.text.vPortExitCritical)
    vPortFree                                0x00002cf9   Thumb Code   222  heap_4.o(.text.vPortFree)
    vPortSetupTimerInterrupt                 0x00002dd9   Thumb Code    68  port.o(.text.vPortSetupTimerInterrupt)
    vQueueDelete                             0x00002e1d   Thumb Code    48  queue.o(.text.vQueueDelete)
    vQueueWaitForMessageRestricted           0x00002e4d   Thumb Code   100  queue.o(.text.vQueueWaitForMessageRestricted)
    vTaskDelay                               0x00002f9d   Thumb Code    98  tasks.o(.text.vTaskDelay)
    vTaskInternalSetTimeOutState             0x00003001   Thumb Code    36  tasks.o(.text.vTaskInternalSetTimeOutState)
    vTaskMissedYield                         0x00003025   Thumb Code    14  tasks.o(.text.vTaskMissedYield)
    vTaskPlaceOnEventList                    0x00003035   Thumb Code    52  tasks.o(.text.vTaskPlaceOnEventList)
    vTaskPlaceOnEventListRestricted          0x00003069   Thumb Code   114  tasks.o(.text.vTaskPlaceOnEventListRestricted)
    vTaskPriorityDisinheritAfterTimeout      0x000030dd   Thumb Code   358  tasks.o(.text.vTaskPriorityDisinheritAfterTimeout)
    vTaskStartScheduler                      0x00003245   Thumb Code   130  tasks.o(.text.vTaskStartScheduler)
    vTaskSuspendAll                          0x000032c9   Thumb Code    16  tasks.o(.text.vTaskSuspendAll)
    vTaskSwitchContext                       0x000032d9   Thumb Code   312  tasks.o(.text.vTaskSwitchContext)
    xPortStartScheduler                      0x00003411   Thumb Code   428  port.o(.text.xPortStartScheduler)
    xPortSysTickHandler                      0x000035bd   Thumb Code    62  port.o(.text.xPortSysTickHandler)
    xQueueCreateMutex                        0x000035fd   Thumb Code    38  queue.o(.text.xQueueCreateMutex)
    xQueueCreateMutexStatic                  0x00003625   Thumb Code    50  queue.o(.text.xQueueCreateMutexStatic)
    xQueueGenericCreate                      0x00003659   Thumb Code   148  queue.o(.text.xQueueGenericCreate)
    xQueueGenericCreateStatic                0x000036ed   Thumb Code   158  queue.o(.text.xQueueGenericCreateStatic)
    xQueueGenericReset                       0x0000378d   Thumb Code   236  queue.o(.text.xQueueGenericReset)
    xQueueGenericSend                        0x00003879   Thumb Code   500  queue.o(.text.xQueueGenericSend)
    xQueueReceive                            0x00003a6d   Thumb Code   434  queue.o(.text.xQueueReceive)
    xQueueSemaphoreTake                      0x00003c21   Thumb Code   486  queue.o(.text.xQueueSemaphoreTake)
    xTaskCheckForTimeOut                     0x00003e09   Thumb Code   224  tasks.o(.text.xTaskCheckForTimeOut)
    xTaskCreate                              0x00003ee9   Thumb Code    82  tasks.o(.text.xTaskCreate)
    xTaskCreateStatic                        0x00003f3d   Thumb Code    92  tasks.o(.text.xTaskCreateStatic)
    xTaskGetSchedulerState                   0x00003f99   Thumb Code    56  tasks.o(.text.xTaskGetSchedulerState)
    xTaskGetTickCount                        0x00003fd1   Thumb Code    20  tasks.o(.text.xTaskGetTickCount)
    xTaskIncrementTick                       0x00003fe5   Thumb Code   630  tasks.o(.text.xTaskIncrementTick)
    xTaskPriorityDisinherit                  0x0000425d   Thumb Code   286  tasks.o(.text.xTaskPriorityDisinherit)
    xTaskPriorityInherit                     0x0000437d   Thumb Code   348  tasks.o(.text.xTaskPriorityInherit)
    xTaskRemoveFromEventList                 0x000044d9   Thumb Code   418  tasks.o(.text.xTaskRemoveFromEventList)
    xTaskResumeAll                           0x0000467d   Thumb Code   584  tasks.o(.text.xTaskResumeAll)
    xTimerCreateTimerTask                    0x000048c5   Thumb Code   134  timers.o(.text.xTimerCreateTimerTask)
    $Super$$_fp_init                         0x0000494b   Thumb Code    26  fpinit.o(x$fpl$fpinit)
    __fplib_config_fpu_vfp                   0x00004963   Thumb Code     0  fpinit.o(x$fpl$fpinit)
    __fplib_config_pureend_doubles           0x00004963   Thumb Code     0  fpinit.o(x$fpl$fpinit)
    Region$$Table$$Base                      0x0000498c   Number         0  anon$$obj.o(Region$$Table)
    Region$$Table$$Limit                     0x000049ac   Number         0  anon$$obj.o(Region$$Table)
    SystemCoreClock                          0x20000000   Data           4  system_tm4c123.o(.data.SystemCoreClock)
    __libspace_start                         0x20000010   Data          96  libspace.o(.bss)
    __temporary_stack_top$libspace           0x20000070   Data           0  libspace.o(.bss)
    pxCurrentTCB                             0x200002bc   Data           4  tasks.o(.bss.pxCurrentTCB)



==============================================================================

Memory Map of the image

  Image Entry point : 0x0000026d

  Load Region LR_IROM1 (Base: 0x00000000, Size: 0x000049c0, Max: 0x00040000, ABSOLUTE)

    Execution Region ER_IROM1 (Exec base: 0x00000000, Load base: 0x00000000, Size: 0x000049ac, Max: 0x00040000, ABSOLUTE)

    Exec Addr    Load Addr    Size         Type   Attr      Idx    E Section Name        Object

    0x00000000   0x00000000   0x0000026c   Data   RO          316    RESET               startup_tm4c123.o
    0x0000026c   0x0000026c   0x00000008   Code   RO          826  * !!!main             c_w.l(__main.o)
    0x00000274   0x00000274   0x00000034   Code   RO          993    !!!scatter          c_w.l(__scatter.o)
    0x000002a8   0x000002a8   0x0000001a   Code   RO          995    !!handler_copy      c_w.l(__scatter_copy.o)
    0x000002c2   0x000002c2   0x00000002   PAD
    0x000002c4   0x000002c4   0x0000001c   Code   RO          997    !!handler_zi        c_w.l(__scatter_zi.o)
    0x000002e0   0x000002e0   0x00000002   Code   RO          857    .ARM.Collect$$libinit$$00000000  c_w.l(libinit.o)
    0x000002e2   0x000002e2   0x00000004   Code   RO          863    .ARM.Collect$$libinit$$00000001  c_w.l(libinit2.o)
    0x000002e6   0x000002e6   0x00000000   Code   RO          866    .ARM.Collect$$libinit$$00000004  c_w.l(libinit2.o)
    0x000002e6   0x000002e6   0x00000000   Code   RO          868    .ARM.Collect$$libinit$$00000006  c_w.l(libinit2.o)
    0x000002e6   0x000002e6   0x00000000   Code   RO          871    .ARM.Collect$$libinit$$0000000C  c_w.l(libinit2.o)
    0x000002e6   0x000002e6   0x00000000   Code   RO          873    .ARM.Collect$$libinit$$0000000E  c_w.l(libinit2.o)
    0x000002e6   0x000002e6   0x00000000   Code   RO          875    .ARM.Collect$$libinit$$00000010  c_w.l(libinit2.o)
    0x000002e6   0x000002e6   0x00000000   Code   RO          878    .ARM.Collect$$libinit$$00000013  c_w.l(libinit2.o)
    0x000002e6   0x000002e6   0x00000000   Code   RO          880    .ARM.Collect$$libinit$$00000015  c_w.l(libinit2.o)
    0x000002e6   0x000002e6   0x00000000   Code   RO          882    .ARM.Collect$$libinit$$00000017  c_w.l(libinit2.o)
    0x000002e6   0x000002e6   0x00000000   Code   RO          884    .ARM.Collect$$libinit$$00000019  c_w.l(libinit2.o)
    0x000002e6   0x000002e6   0x00000000   Code   RO          886    .ARM.Collect$$libinit$$0000001B  c_w.l(libinit2.o)
    0x000002e6   0x000002e6   0x00000000   Code   RO          888    .ARM.Collect$$libinit$$0000001D  c_w.l(libinit2.o)
    0x000002e6   0x000002e6   0x00000000   Code   RO          890    .ARM.Collect$$libinit$$0000001F  c_w.l(libinit2.o)
    0x000002e6   0x000002e6   0x00000000   Code   RO          892    .ARM.Collect$$libinit$$00000021  c_w.l(libinit2.o)
    0x000002e6   0x000002e6   0x00000000   Code   RO          894    .ARM.Collect$$libinit$$00000023  c_w.l(libinit2.o)
    0x000002e6   0x000002e6   0x00000000   Code   RO          896    .ARM.Collect$$libinit$$00000025  c_w.l(libinit2.o)
    0x000002e6   0x000002e6   0x00000000   Code   RO          898    .ARM.Collect$$libinit$$00000027  c_w.l(libinit2.o)
    0x000002e6   0x000002e6   0x00000000   Code   RO          902    .ARM.Collect$$libinit$$0000002E  c_w.l(libinit2.o)
    0x000002e6   0x000002e6   0x00000000   Code   RO          904    .ARM.Collect$$libinit$$00000030  c_w.l(libinit2.o)
    0x000002e6   0x000002e6   0x00000000   Code   RO          906    .ARM.Collect$$libinit$$00000032  c_w.l(libinit2.o)
    0x000002e6   0x000002e6   0x00000000   Code   RO          908    .ARM.Collect$$libinit$$00000034  c_w.l(libinit2.o)
    0x000002e6   0x000002e6   0x00000002   Code   RO          909    .ARM.Collect$$libinit$$00000035  c_w.l(libinit2.o)
    0x000002e8   0x000002e8   0x00000002   Code   RO          929    .ARM.Collect$$libshutdown$$00000000  c_w.l(libshutdown.o)
    0x000002ea   0x000002ea   0x00000000   Code   RO          944    .ARM.Collect$$libshutdown$$00000002  c_w.l(libshutdown2.o)
    0x000002ea   0x000002ea   0x00000000   Code   RO          946    .ARM.Collect$$libshutdown$$00000004  c_w.l(libshutdown2.o)
    0x000002ea   0x000002ea   0x00000000   Code   RO          949    .ARM.Collect$$libshutdown$$00000007  c_w.l(libshutdown2.o)
    0x000002ea   0x000002ea   0x00000000   Code   RO          952    .ARM.Collect$$libshutdown$$0000000A  c_w.l(libshutdown2.o)
    0x000002ea   0x000002ea   0x00000000   Code   RO          954    .ARM.Collect$$libshutdown$$0000000C  c_w.l(libshutdown2.o)
    0x000002ea   0x000002ea   0x00000000   Code   RO          957    .ARM.Collect$$libshutdown$$0000000F  c_w.l(libshutdown2.o)
    0x000002ea   0x000002ea   0x00000002   Code   RO          958    .ARM.Collect$$libshutdown$$00000010  c_w.l(libshutdown2.o)
    0x000002ec   0x000002ec   0x00000000   Code   RO          830    .ARM.Collect$$rtentry$$00000000  c_w.l(__rtentry.o)
    0x000002ec   0x000002ec   0x00000000   Code   RO          836    .ARM.Collect$$rtentry$$00000002  c_w.l(__rtentry2.o)
    0x000002ec   0x000002ec   0x00000006   Code   RO          848    .ARM.Collect$$rtentry$$00000004  c_w.l(__rtentry4.o)
    0x000002f2   0x000002f2   0x00000008   Code   RO          837    .ARM.Collect$$rtentry$$00000008  c_w.l(__rtentry2.o)
    0x000002fa   0x000002fa   0x00000004   Code   RO          839    .ARM.Collect$$rtentry$$0000000A  c_w.l(__rtentry2.o)
    0x000002fe   0x000002fe   0x00000000   Code   RO          841    .ARM.Collect$$rtentry$$0000000C  c_w.l(__rtentry2.o)
    0x000002fe   0x000002fe   0x00000008   Code   RO          842    .ARM.Collect$$rtentry$$0000000D  c_w.l(__rtentry2.o)
    0x00000306   0x00000306   0x00000002   Code   RO          861    .ARM.Collect$$rtexit$$00000000  c_w.l(rtexit.o)
    0x00000308   0x00000308   0x00000000   Code   RO          911    .ARM.Collect$$rtexit$$00000002  c_w.l(rtexit2.o)
    0x00000308   0x00000308   0x00000004   Code   RO          912    .ARM.Collect$$rtexit$$00000003  c_w.l(rtexit2.o)
    0x0000030c   0x0000030c   0x00000006   Code   RO          913    .ARM.Collect$$rtexit$$00000004  c_w.l(rtexit2.o)
    0x00000312   0x00000312   0x00000002   PAD
    0x00000314   0x00000314   0x00000114   Code   RO          317    .text               startup_tm4c123.o
    0x00000428   0x00000428   0x0000008a   Code   RO          816    .text               c_w.l(rt_memcpy_v6.o)
    0x000004b2   0x000004b2   0x00000010   Code   RO          818    .text               c_w.l(aeabi_memset4.o)
    0x000004c2   0x000004c2   0x00000044   Code   RO          820    .text               c_w.l(rt_memclr.o)
    0x00000506   0x00000506   0x00000006   Code   RO          824    .text               c_w.l(heapauxi.o)
    0x0000050c   0x0000050c   0x00000064   Code   RO          831    .text               c_w.l(rt_memcpy_w.o)
    0x00000570   0x00000570   0x0000004e   Code   RO          833    .text               c_w.l(rt_memclr_w.o)
    0x000005be   0x000005be   0x0000004a   Code   RO          850    .text               c_w.l(sys_stackheap_outer.o)
    0x00000608   0x00000608   0x00000012   Code   RO          852    .text               c_w.l(exit.o)
    0x0000061a   0x0000061a   0x00000002   PAD
    0x0000061c   0x0000061c   0x00000008   Code   RO          858    .text               c_w.l(libspace.o)
    0x00000624   0x00000624   0x0000000c   Code   RO          919    .text               c_w.l(sys_exit.o)
    0x00000630   0x00000630   0x00000002   Code   RO          934    .text               c_w.l(use_no_semi.o)
    0x00000632   0x00000632   0x00000000   Code   RO          936    .text               c_w.l(indicate_semi.o)
    0x00000632   0x00000632   0x00000002   PAD
    0x00000634   0x00000634   0x00000016   Code   RO           63    .text.$Sub$$_fp_init  clib_os.o
    0x0000064a   0x0000064a   0x00000002   PAD
    0x0000064c   0x0000064c   0x00000030   Code   RO           38    .text.CloseGate     main.o
    0x0000067c   0x0000067c   0x000001c8   Code   RO            4    .text.GPIO_Init     main.o
    0x00000844   0x00000844   0x00000050   Code   RO           34    .text.GetGateState  main.o
    0x00000894   0x00000894   0x0000001c   Code   RO           40    .text.LED_Set       main.o
    0x000008b0   0x000008b0   0x00000036   Code   RO           36    .text.OpenGate      main.o
    0x000008e6   0x000008e6   0x00000002   PAD
    0x000008e8   0x000008e8   0x00000060   Code   RO          403    .text.PendSV_Handler  port.o
    0x00000948   0x00000948   0x00000042   Code   RO           18    .text.ReadButtons   main.o
    0x0000098a   0x0000098a   0x00000002   PAD
    0x0000098c   0x0000098c   0x00000010   Code   RO           30    .text.ReadClosedLimit  main.o
    0x0000099c   0x0000099c   0x00000010   Code   RO           22    .text.ReadDriverClose  main.o
    0x000009ac   0x000009ac   0x00000016   Code   RO           20    .text.ReadDriverOpen  main.o
    0x000009c2   0x000009c2   0x00000002   PAD
    0x000009c4   0x000009c4   0x00000010   Code   RO           32    .text.ReadObstacle  main.o
    0x000009d4   0x000009d4   0x00000010   Code   RO           28    .text.ReadOpenLimit  main.o
    0x000009e4   0x000009e4   0x00000010   Code   RO           26    .text.ReadSecurityClose  main.o
    0x000009f4   0x000009f4   0x00000010   Code   RO           24    .text.ReadSecurityOpen  main.o
    0x00000a04   0x00000a04   0x00000020   Code   RO          399    .text.SVC_Handler   port.o
    0x00000a24   0x00000a24   0x00000048   Code   RO            6    .text.SetGateState  main.o
    0x00000a6c   0x00000a6c   0x00000018   Code   RO            8    .text.StopGate      main.o
    0x00000a84   0x00000a84   0x0000001e   Code   RO           90    .text.SysTick_Handler  cmsis_os2.o
    0x00000aa2   0x00000aa2   0x00000002   PAD
    0x00000aa4   0x00000aa4   0x0000010c   Code   RO          328    .text.SystemInit    system_tm4c123.o
    0x00000bb0   0x00000bb0   0x00000028   Code   RO           71    .text._mutex_acquire  clib_os.o
    0x00000bd8   0x00000bd8   0x00000054   Code   RO           77    .text._mutex_free   clib_os.o
    0x00000c2c   0x00000c2c   0x000000a8   Code   RO           69    .text._mutex_initialize  clib_os.o
    0x00000cd4   0x00000cd4   0x0000002a   Code   RO           75    .text._mutex_release  clib_os.o
    0x00000cfe   0x00000cfe   0x00000002   PAD
    0x00000d00   0x00000d00   0x00000002   Code   RO           61    .text._platform_post_stackheap_init  clib_os.o
    0x00000d02   0x00000d02   0x00000002   PAD
    0x00000d04   0x00000d04   0x00000020   Code   RO           73    .text.is_thread_mode  clib_os.o
    0x00000d24   0x00000d24   0x00000142   Code   RO            2    .text.main          main.o
    0x00000e66   0x00000e66   0x00000002   PAD
    0x00000e68   0x00000e68   0x00000020   Code   RO           67    .text.os_kernel_is_active  clib_os.o
    0x00000e88   0x00000e88   0x0000010e   Code   RO          574    .text.prvAddCurrentTaskToDelayedList  tasks.o
    0x00000f96   0x00000f96   0x00000002   PAD
    0x00000f98   0x00000f98   0x00000170   Code   RO          558    .text.prvAddNewTaskToReadyList  tasks.o
    0x00001108   0x00001108   0x0000007e   Code   RO          736    .text.prvCheckForValidListAndQueue  timers.o
    0x00001186   0x00001186   0x00000002   PAD
    0x00001188   0x00001188   0x0000005a   Code   RO          608    .text.prvCheckTasksWaitingTermination  tasks.o
    0x000011e2   0x000011e2   0x00000002   PAD
    0x000011e4   0x000011e4   0x00000042   Code   RO          511    .text.prvCopyDataFromQueue  queue.o
    0x00001226   0x00001226   0x00000002   PAD
    0x00001228   0x00001228   0x000000cc   Code   RO          499    .text.prvCopyDataToQueue  queue.o
    0x000012f4   0x000012f4   0x000000d8   Code   RO          604    .text.prvCreateIdleTasks  tasks.o
    0x000013cc   0x000013cc   0x000000aa   Code   RO          556    .text.prvCreateStaticTask  tasks.o
    0x00001476   0x00001476   0x00000002   PAD
    0x00001478   0x00001478   0x0000008e   Code   RO          562    .text.prvCreateTask  tasks.o
    0x00001506   0x00001506   0x00000002   PAD
    0x00001508   0x00001508   0x00000050   Code   RO          568    .text.prvDeleteTCB  tasks.o
    0x00001558   0x00001558   0x00000026   Code   RO          515    .text.prvGetHighestPriorityOfWaitToReceiveList  queue.o
    0x0000157e   0x0000157e   0x00000002   PAD
    0x00001580   0x00001580   0x00000040   Code   RO          782    .text.prvGetNextExpireTime  timers.o
    0x000015c0   0x000015c0   0x000000aa   Code   RO          433    .text.prvHeapInit   heap_4.o
    0x0000166a   0x0000166a   0x00000002   PAD
    0x0000166c   0x0000166c   0x00000038   Code   RO          698    .text.prvIdleTask   tasks.o
    0x000016a4   0x000016a4   0x0000002c   Code   RO          479    .text.prvInitialiseMutex  queue.o
    0x000016d0   0x000016d0   0x00000048   Code   RO          471    .text.prvInitialiseNewQueue  queue.o
    0x00001718   0x00001718   0x00000108   Code   RO          694    .text.prvInitialiseNewTask  tasks.o
    0x00001820   0x00001820   0x0000008e   Code   RO          696    .text.prvInitialiseTaskLists  tasks.o
    0x000018ae   0x000018ae   0x00000002   PAD
    0x000018b0   0x000018b0   0x00000118   Code   RO          437    .text.prvInsertBlockIntoFreeList  heap_4.o
    0x000019c8   0x000019c8   0x00000086   Code   RO          796    .text.prvInsertTimerInActiveList  timers.o
    0x00001a4e   0x00001a4e   0x00000002   PAD
    0x00001a50   0x00001a50   0x00000028   Code   RO          513    .text.prvIsQueueEmpty  queue.o
    0x00001a78   0x00001a78   0x0000002e   Code   RO          501    .text.prvIsQueueFull  queue.o
    0x00001aa6   0x00001aa6   0x00000002   PAD
    0x00001aa8   0x00001aa8   0x00000028   Code   RO          409    .text.prvPortStartFirstTask  port.o
    0x00001ad0   0x00001ad0   0x00000054   Code   RO          790    .text.prvProcessExpiredTimer  timers.o
    0x00001b24   0x00001b24   0x0000017a   Code   RO          786    .text.prvProcessReceivedCommands  timers.o
    0x00001c9e   0x00001c9e   0x00000002   PAD
    0x00001ca0   0x00001ca0   0x0000009a   Code   RO          784    .text.prvProcessTimerOrBlockTask  timers.o
    0x00001d3a   0x00001d3a   0x00000002   PAD
    0x00001d3c   0x00001d3c   0x00000034   Code   RO          794    .text.prvReloadTimer  timers.o
    0x00001d70   0x00001d70   0x0000003c   Code   RO          566    .text.prvResetNextTaskUnblockTime  tasks.o
    0x00001dac   0x00001dac   0x00000044   Code   RO          788    .text.prvSampleTimeNow  timers.o
    0x00001df0   0x00001df0   0x00000052   Code   RO          792    .text.prvSwitchTimerLists  timers.o
    0x00001e42   0x00001e42   0x00000002   PAD
    0x00001e44   0x00001e44   0x0000003e   Code   RO          397    .text.prvTaskExitError  port.o
    0x00001e82   0x00001e82   0x00000002   PAD
    0x00001e84   0x00001e84   0x0000001e   Code   RO          738    .text.prvTimerTask  timers.o
    0x00001ea2   0x00001ea2   0x00000002   PAD
    0x00001ea4   0x00001ea4   0x000000ae   Code   RO          503    .text.prvUnlockQueue  queue.o
    0x00001f52   0x00001f52   0x00000002   PAD
    0x00001f54   0x00001f54   0x000002b8   Code   RO          431    .text.pvPortMalloc  heap_4.o
    0x0000220c   0x0000220c   0x00000024   Code   RO          672    .text.pvTaskIncrementMutexHeldCount  tasks.o
    0x00002230   0x00002230   0x0000005e   Code   RO          395    .text.pxPortInitialiseStack  port.o
    0x0000228e   0x0000228e   0x00000002   PAD
    0x00002290   0x00002290   0x00000048   Code   RO          386    .text.uxListRemove  list.o
    0x000022d8   0x000022d8   0x0000002a   Code   RO          688    .text.vApplicationGetIdleTaskMemory  tasks.o
    0x00002302   0x00002302   0x00000002   PAD
    0x00002304   0x00002304   0x0000002a   Code   RO          690    .text.vApplicationGetTimerTaskMemory  tasks.o
    0x0000232e   0x0000232e   0x00000002   PAD
    0x00002330   0x00002330   0x00000010   Code   RO          244    .text.vApplicationStackOverflowHook  cmsis_os2.o
    0x00002340   0x00002340   0x00000208   Code   RO           12    .text.vGateControlTask  main.o
    0x00002548   0x00002548   0x0000061e   Code   RO           10    .text.vInputTask    main.o
    0x00002b66   0x00002b66   0x00000002   PAD
    0x00002b68   0x00002b68   0x0000004c   Code   RO           14    .text.vLEDTask      main.o
    0x00002bb4   0x00002bb4   0x0000002e   Code   RO          378    .text.vListInitialise  list.o
    0x00002be2   0x00002be2   0x00000002   PAD
    0x00002be4   0x00002be4   0x0000000e   Code   RO          380    .text.vListInitialiseItem  list.o
    0x00002bf2   0x00002bf2   0x00000002   PAD
    0x00002bf4   0x00002bf4   0x0000006a   Code   RO          384    .text.vListInsert   list.o
    0x00002c5e   0x00002c5e   0x00000002   PAD
    0x00002c60   0x00002c60   0x00000014   Code   RO          407    .text.vPortEnableVFP  port.o
    0x00002c74   0x00002c74   0x00000048   Code   RO          413    .text.vPortEnterCritical  port.o
    0x00002cbc   0x00002cbc   0x0000003c   Code   RO          415    .text.vPortExitCritical  port.o
    0x00002cf8   0x00002cf8   0x000000de   Code   RO          435    .text.vPortFree     heap_4.o
    0x00002dd6   0x00002dd6   0x00000002   PAD
    0x00002dd8   0x00002dd8   0x00000044   Code   RO          405    .text.vPortSetupTimerInterrupt  port.o
    0x00002e1c   0x00002e1c   0x00000030   Code   RO          529    .text.vQueueDelete  queue.o
    0x00002e4c   0x00002e4c   0x00000064   Code   RO          545    .text.vQueueWaitForMessageRestricted  queue.o
    0x00002eb0   0x00002eb0   0x000000ec   Code   RO           16    .text.vSafetyTask   main.o
    0x00002f9c   0x00002f9c   0x00000062   Code   RO          578    .text.vTaskDelay    tasks.o
    0x00002ffe   0x00002ffe   0x00000002   PAD
    0x00003000   0x00003000   0x00000024   Code   RO          642    .text.vTaskInternalSetTimeOutState  tasks.o
    0x00003024   0x00003024   0x0000000e   Code   RO          646    .text.vTaskMissedYield  tasks.o
    0x00003032   0x00003032   0x00000002   PAD
    0x00003034   0x00003034   0x00000034   Code   RO          630    .text.vTaskPlaceOnEventList  tasks.o
    0x00003068   0x00003068   0x00000072   Code   RO          634    .text.vTaskPlaceOnEventListRestricted  tasks.o
    0x000030da   0x000030da   0x00000002   PAD
    0x000030dc   0x000030dc   0x00000166   Code   RO          668    .text.vTaskPriorityDisinheritAfterTimeout  tasks.o
    0x00003242   0x00003242   0x00000002   PAD
    0x00003244   0x00003244   0x00000082   Code   RO          602    .text.vTaskStartScheduler  tasks.o
    0x000032c6   0x000032c6   0x00000002   PAD
    0x000032c8   0x000032c8   0x00000010   Code   RO          572    .text.vTaskSuspendAll  tasks.o
    0x000032d8   0x000032d8   0x00000138   Code   RO          594    .text.vTaskSwitchContext  tasks.o
    0x00003410   0x00003410   0x000001ac   Code   RO          401    .text.xPortStartScheduler  port.o
    0x000035bc   0x000035bc   0x0000003e   Code   RO          417    .text.xPortSysTickHandler  port.o
    0x000035fa   0x000035fa   0x00000002   PAD
    0x000035fc   0x000035fc   0x00000026   Code   RO          477    .text.xQueueCreateMutex  queue.o
    0x00003622   0x00003622   0x00000002   PAD
    0x00003624   0x00003624   0x00000032   Code   RO          481    .text.xQueueCreateMutexStatic  queue.o
    0x00003656   0x00003656   0x00000002   PAD
    0x00003658   0x00003658   0x00000094   Code   RO          475    .text.xQueueGenericCreate  queue.o
    0x000036ec   0x000036ec   0x0000009e   Code   RO          469    .text.xQueueGenericCreateStatic  queue.o
    0x0000378a   0x0000378a   0x00000002   PAD
    0x0000378c   0x0000378c   0x000000ec   Code   RO          467    .text.xQueueGenericReset  queue.o
    0x00003878   0x00003878   0x000001f4   Code   RO          489    .text.xQueueGenericSend  queue.o
    0x00003a6c   0x00003a6c   0x000001b2   Code   RO          509    .text.xQueueReceive  queue.o
    0x00003c1e   0x00003c1e   0x00000002   PAD
    0x00003c20   0x00003c20   0x000001e6   Code   RO          493    .text.xQueueSemaphoreTake  queue.o
    0x00003e06   0x00003e06   0x00000002   PAD
    0x00003e08   0x00003e08   0x000000e0   Code   RO          644    .text.xTaskCheckForTimeOut  tasks.o
    0x00003ee8   0x00003ee8   0x00000052   Code   RO          560    .text.xTaskCreate   tasks.o
    0x00003f3a   0x00003f3a   0x00000002   PAD
    0x00003f3c   0x00003f3c   0x0000005c   Code   RO          554    .text.xTaskCreateStatic  tasks.o
    0x00003f98   0x00003f98   0x00000038   Code   RO          662    .text.xTaskGetSchedulerState  tasks.o
    0x00003fd0   0x00003fd0   0x00000014   Code   RO          612    .text.xTaskGetTickCount  tasks.o
    0x00003fe4   0x00003fe4   0x00000276   Code   RO          610    .text.xTaskIncrementTick  tasks.o
    0x0000425a   0x0000425a   0x00000002   PAD
    0x0000425c   0x0000425c   0x0000011e   Code   RO          666    .text.xTaskPriorityDisinherit  tasks.o
    0x0000437a   0x0000437a   0x00000002   PAD
    0x0000437c   0x0000437c   0x0000015c   Code   RO          664    .text.xTaskPriorityInherit  tasks.o
    0x000044d8   0x000044d8   0x000001a2   Code   RO          636    .text.xTaskRemoveFromEventList  tasks.o
    0x0000467a   0x0000467a   0x00000002   PAD
    0x0000467c   0x0000467c   0x00000248   Code   RO          576    .text.xTaskResumeAll  tasks.o
    0x000048c4   0x000048c4   0x00000086   Code   RO          734    .text.xTimerCreateTimerTask  timers.o
    0x0000494a   0x0000494a   0x0000001a   Code   RO          828    x$fpl$fpinit        fz_wm.l(fpinit.o)
    0x00004964   0x00004964   0x00000016   Data   RO           47    .rodata.str1.1      main.o
    0x0000497a   0x0000497a   0x00000005   Data   RO          726    .rodata.str1.1      tasks.o
    0x0000497f   0x0000497f   0x00000008   Data   RO          799    .rodata.str1.1      timers.o
    0x00004987   0x00004987   0x00000001   PAD
    0x00004988   0x00004988   0x00000004   Data   RO          717    .rodata.uxTopUsedPriority  tasks.o
    0x0000498c   0x0000498c   0x00000020   Data   RO          992    Region$$Table       anon$$obj.o


    Execution Region RW_IRAM1 (Exec base: 0x20000000, Load base: 0x000049b0, Size: 0x00002ee0, Max: 0x00008000, ABSOLUTE)

    Exec Addr    Load Addr    Size         Type   Attr      Idx    E Section Name        Object

    0x20000000   0x000049b0   0x00000004   Data   RW          330    .data.SystemCoreClock  system_tm4c123.o
    0x20000004   0x000049b4   0x00000001   Data   RW           48    .data.g_gateState   main.o
    0x20000005   0x000049b5   0x00000003   PAD
    0x20000008   0x000049b8   0x00000004   Data   RW          423    .data.uxCriticalNesting  port.o
    0x2000000c   0x000049bc   0x00000004   PAD
    0x20000010        -       0x00000060   Zero   RW          859    .bss                c_w.l(libspace.o)
    0x20000070        -       0x00000190   Zero   RW           82    .bss.clib_mutex_cb  clib_os.o
    0x20000200        -       0x00000014   Zero   RW           81    .bss.clib_mutex_id  clib_os.o
    0x20000214        -       0x00000001   Zero   RW           50    .bss.g_autoClosing  main.o
    0x20000215        -       0x00000001   Zero   RW           51    .bss.g_lastMotionBeforeObstacle  main.o
    0x20000216        -       0x00000001   Zero   RW           49    .bss.g_motion       main.o
    0x20000217        -       0x00000001   Zero   RW           46    .bss.g_securityMotionActive  main.o
    0x20000218        -       0x00000050   Zero   RW          807    .bss.prvCheckForValidListAndQueue.ucStaticTimerQueueStorage  timers.o
    0x20000268        -       0x00000050   Zero   RW          806    .bss.prvCheckForValidListAndQueue.xStaticTimerQueue  timers.o
    0x200002b8        -       0x00000004   Zero   RW          803    .bss.prvSampleTimeNow.xLastTime  timers.o
    0x200002bc        -       0x00000004   Zero   RW          700    .bss.pxCurrentTCB   tasks.o
    0x200002c0        -       0x00000004   Zero   RW          801    .bss.pxCurrentTimerList  timers.o
    0x200002c4        -       0x00000004   Zero   RW          708    .bss.pxDelayedTaskList  tasks.o
    0x200002c8        -       0x00000004   Zero   RW          453    .bss.pxEnd          heap_4.o
    0x200002cc        -       0x00000004   Zero   RW          709    .bss.pxOverflowDelayedTaskList  tasks.o
    0x200002d0        -       0x00000004   Zero   RW          802    .bss.pxOverflowTimerList  timers.o
    0x200002d4        -       0x00000460   Zero   RW          712    .bss.pxReadyTasksLists  tasks.o
    0x20000734        -       0x00002000   Zero   RW          456    .bss.ucHeap         heap_4.o
    0x20002734        -       0x00000001   Zero   RW          421    .bss.ucMaxSysCallPriority  port.o
    0x20002735   0x000049bc   0x00000003   PAD
    0x20002738        -       0x00000004   Zero   RW          422    .bss.ulMaxPRIGROUPValue  port.o
    0x2000273c        -       0x00000004   Zero   RW          705    .bss.uxCurrentNumberOfTasks  tasks.o
    0x20002740        -       0x00000004   Zero   RW          704    .bss.uxDeletedTasksWaitingCleanUp  tasks.o
    0x20002744        -       0x00000004   Zero   RW          706    .bss.uxSchedulerSuspended  tasks.o
    0x20002748        -       0x00000004   Zero   RW          701    .bss.uxTaskNumber   tasks.o
    0x2000274c        -       0x00000004   Zero   RW          713    .bss.uxTopReadyPriority  tasks.o
    0x20002750        -       0x00000200   Zero   RW          721    .bss.vApplicationGetIdleTaskMemory.uxIdleTaskStack  tasks.o
    0x20002950        -       0x0000005c   Zero   RW          720    .bss.vApplicationGetIdleTaskMemory.xIdleTaskTCB  tasks.o
    0x200029ac        -       0x00000200   Zero   RW          723    .bss.vApplicationGetTimerTaskMemory.uxTimerTaskStack  tasks.o
    0x20002bac        -       0x0000005c   Zero   RW          722    .bss.vApplicationGetTimerTaskMemory.xTimerTaskTCB  tasks.o
    0x20002c08        -       0x00000014   Zero   RW          804    .bss.xActiveTimerList1  timers.o
    0x20002c1c        -       0x00000014   Zero   RW          805    .bss.xActiveTimerList2  timers.o
    0x20002c30        -       0x00000004   Zero   RW           44    .bss.xClosedLimitSem  main.o
    0x20002c34        -       0x00000014   Zero   RW          724    .bss.xDelayedTaskList1  tasks.o
    0x20002c48        -       0x00000014   Zero   RW          725    .bss.xDelayedTaskList2  tasks.o
    0x20002c5c        -       0x00000004   Zero   RW          454    .bss.xFreeBytesRemaining  heap_4.o
    0x20002c60        -       0x00000004   Zero   RW           42    .bss.xGateQueue     main.o
    0x20002c64        -       0x00000004   Zero   RW           45    .bss.xGateStateMutex  main.o
    0x20002c68        -       0x00000004   Zero   RW          716    .bss.xIdleTaskHandles  tasks.o
    0x20002c6c        -       0x00000004   Zero   RW          457    .bss.xMinimumEverFreeBytesRemaining  heap_4.o
    0x20002c70        -       0x00000004   Zero   RW          715    .bss.xNextTaskUnblockTime  tasks.o
    0x20002c74        -       0x00000004   Zero   RW          719    .bss.xNumOfOverflows  tasks.o
    0x20002c78        -       0x00000004   Zero   RW          458    .bss.xNumberOfSuccessfulAllocations  heap_4.o
    0x20002c7c        -       0x00000004   Zero   RW          459    .bss.xNumberOfSuccessfulFrees  heap_4.o
    0x20002c80        -       0x00000004   Zero   RW           43    .bss.xOpenLimitSem  main.o
    0x20002c84        -       0x00000004   Zero   RW          718    .bss.xPendedTicks   tasks.o
    0x20002c88        -       0x00000014   Zero   RW          710    .bss.xPendingReadyList  tasks.o
    0x20002c9c        -       0x00000004   Zero   RW          702    .bss.xSchedulerRunning  tasks.o
    0x20002ca0        -       0x00000008   Zero   RW          455    .bss.xStart         heap_4.o
    0x20002ca8        -       0x00000014   Zero   RW          711    .bss.xSuspendedTaskList  tasks.o
    0x20002cbc        -       0x00000014   Zero   RW          703    .bss.xTasksWaitingTermination  tasks.o
    0x20002cd0        -       0x00000004   Zero   RW          707    .bss.xTickCount     tasks.o
    0x20002cd4        -       0x00000004   Zero   RW          798    .bss.xTimerQueue    timers.o
    0x20002cd8        -       0x00000004   Zero   RW          800    .bss.xTimerTaskHandle  timers.o
    0x20002cdc        -       0x00000004   Zero   RW          714    .bss.xYieldPendings  tasks.o
    0x20002ce0        -       0x00000000   Zero   RW          315    HEAP                startup_tm4c123.o
    0x20002ce0        -       0x00000200   Zero   RW          314    STACK               startup_tm4c123.o


==============================================================================

Image component sizes


      Code (inc. data)   RO Data    RW Data    ZI Data      Debug   Object Name

       422          0          0          0        420       4364   clib_os.o
        46          0          0          0          0      29929   cmsis_os2.o
      1368          0          0          0       8220       4894   heap_4.o
       238          0          0          0          0       2406   list.o
      3666          6         22          1         20       6802   main.o
      1034         16          0          4          5       3794   port.o
      2882          0          0          0          0      15522   queue.o
       276         24        620          0        512       5556   startup_tm4c123.o
       268          0          0          4          0       6864   system_tm4c123.o
      5848          0          9          0       2488      28028   tasks.o
      1306         10          8          0        220      11536   timers.o

    ----------------------------------------------------------------------
     17450         56        692         12      11892     119695   Object Totals
         0          0         32          0          0          0   (incl. Generated)
        96          0          1          3          7          0   (incl. Padding)

    ----------------------------------------------------------------------

      Code (inc. data)   RO Data    RW Data    ZI Data      Debug   Library Member Name

         8          0          0          0          0         68   __main.o
         0          0          0          0          0          0   __rtentry.o
        20          0          0          0          0          0   __rtentry2.o
         6          0          0          0          0          0   __rtentry4.o
        52          8          0          0          0          0   __scatter.o
        26          0          0          0          0          0   __scatter_copy.o
        28          0          0          0          0          0   __scatter_zi.o
        16          0          0          0          0         68   aeabi_memset4.o
        18          0          0          0          0         80   exit.o
         6          0          0          0          0        152   heapauxi.o
         0          0          0          0          0          0   indicate_semi.o
         2          0          0          0          0          0   libinit.o
         6          0          0          0          0          0   libinit2.o
         2          0          0          0          0          0   libshutdown.o
         2          0          0          0          0          0   libshutdown2.o
         8          4          0          0         96         68   libspace.o
        68          0          0          0          0         68   rt_memclr.o
        78          0          0          0          0         80   rt_memclr_w.o
       138          0          0          0          0         68   rt_memcpy_v6.o
       100          0          0          0          0         80   rt_memcpy_w.o
         2          0          0          0          0          0   rtexit.o
        10          0          0          0          0          0   rtexit2.o
        12          4          0          0          0         68   sys_exit.o
        74          0          0          0          0         80   sys_stackheap_outer.o
         2          0          0          0          0         68   use_no_semi.o
        26          0          0          0          0        116   fpinit.o

    ----------------------------------------------------------------------
       718         16          0          0         96       1064   Library Totals
         8          0          0          0          0          0   (incl. Padding)

    ----------------------------------------------------------------------

      Code (inc. data)   RO Data    RW Data    ZI Data      Debug   Library Name

       684         16          0          0         96        948   c_w.l
        26          0          0          0          0        116   fz_wm.l

    ----------------------------------------------------------------------
       718         16          0          0         96       1064   Library Totals

    ----------------------------------------------------------------------

==============================================================================


      Code (inc. data)   RO Data    RW Data    ZI Data      Debug   

     18168         72        692         12      11988     120163   Grand Totals
     18168         72        692         12      11988     120163   ELF Image Totals
     18168         72        692         12          0          0   ROM Totals

==============================================================================

    Total RO  Size (Code + RO Data)                18860 (  18.42kB)
    Total RW  Size (RW Data + ZI Data)             12000 (  11.72kB)
    Total ROM Size (Code + RO Data + RW Data)      18872 (  18.43kB)

==============================================================================

